\BOOKMARK [0][-]{chapter*.2}{\376\377\000D\000\351\000d\000i\000c\000a\000c\000e}{}% 1
\BOOKMARK [0][-]{chapter*.3}{\376\377\000R\000e\000m\000e\000r\000c\000i\000e\000m\000e\000n\000t\000s}{}% 2
\BOOKMARK [0][-]{chapter*.4}{\376\377\000R\000\351\000s\000u\000m\000\351}{}% 3
\BOOKMARK [0][-]{chapter*.4}{\376\377\000A\000b\000s\000t\000r\000a\000c\000t}{}% 4
\BOOKMARK [0][-]{section*.5}{\376\377\000L\000i\000s\000t\000\040\000o\000f\000\040\000F\000i\000g\000u\000r\000e\000s}{}% 5
\BOOKMARK [0][-]{section*.6}{\376\377\000L\000i\000s\000t\000\040\000o\000f\000\040\000T\000a\000b\000l\000e\000s}{}% 6
\BOOKMARK [0][-]{section*.7}{\376\377\000L\000i\000s\000t\000e\000\040\000d\000e\000s\000\040\000a\000c\000r\000o\000n\000y\000m\000e\000s}{}% 7
\BOOKMARK [0][-]{chapter*.9}{\376\377\000I\000n\000t\000r\000o\000d\000u\000c\000t\000i\000o\000n}{}% 8
\BOOKMARK [0][-]{chapter.1}{\376\377\000R\000e\000v\000u\000e\000\040\000d\000e\000\040\000L\000i\000t\000t\000\351\000r\000a\000t\000u\000r\000e}{}% 9
\BOOKMARK [1][-]{section*.10}{\376\377\000I\000n\000t\000r\000o\000d\000u\000c\000t\000i\000o\000n}{chapter.1}% 10
\BOOKMARK [1][-]{section*.10}{\376\377\000C\000o\000n\000c\000l\000u\000s\000i\000o\000n}{chapter.1}% 11
\BOOKMARK [0][-]{chapter.2}{\376\377\000I\000m\000p\000l\000\351\000m\000e\000n\000t\000a\000t\000i\000o\000n\000\040\000d\000e\000\040\000l\000'\000i\000n\000f\000r\000a\000s\000t\000r\000u\000c\000t\000u\000r\000e}{}% 12
\BOOKMARK [1][-]{section*.11}{\376\377\000I\000n\000t\000r\000o\000d\000u\000c\000t\000i\000o\000n}{chapter.2}% 13
\BOOKMARK [0][-]{chapter.3}{\376\377\000S\000c\000\351\000n\000a\000r\000i\000o\000s\000\040\000e\000t\000\040\000e\000x\000p\000l\000o\000i\000t\000a\000t\000i\000o\000n}{}% 14
\BOOKMARK [1][-]{section*.12}{\376\377\000I\000n\000t\000r\000o\000d\000u\000c\000t\000i\000o\000n}{chapter.3}% 15
\BOOKMARK [1][-]{section*.12}{\376\377\000C\000o\000n\000c\000l\000u\000s\000i\000o\000n}{chapter.3}% 16
\BOOKMARK [0][-]{chapter*.13}{\376\377\000C\000o\000n\000c\000l\000u\000s\000i\000o\000n}{}% 17
\BOOKMARK [0][-]{chapter*.13}{\376\377\000B\000i\000b\000l\000i\000o\000g\000r\000a\000p\000h\000i\000e}{}% 18
\BOOKMARK [0][-]{chapter*.14}{\376\377\000B\000i\000b\000l\000i\000o\000g\000r\000a\000p\000h\000i\000e}{}% 19
\BOOKMARK [0][-]{section*.15}{\376\377\000T\000a\000b\000l\000e\000\040\000d\000e\000s\000\040\000m\000a\000t\000i\000\350\000r\000e\000s}{}% 20
