This is pdfTeX, Version 3.141592653-2.6-1.40.26 (MiKTeX 24.4) (preloaded format=pdflatex 2025.2.2)  14 JAN 2026 09:29
entering extended mode
 restricted \write18 enabled.
 %&-line parsing enabled.
**./main.tex
(main.tex
LaTeX2e <2024-11-01> patch level 2
L3 programming layer <2025-01-18>
(ifri.cls
Document Class: ifri 6/6/2013 custom CV class
(C:\Users\ATTIOGBE\AppData\Local\Programs\MiKTeX\tex/latex/base\report.cls
Document Class: report 2024/06/29 v1.4n Standard LaTeX document class
(C:\Users\ATTIOGBE\AppData\Local\Programs\MiKTeX\tex/latex/base\size11.clo
File: size11.clo 2024/06/29 v1.4n Standard LaTeX file (size option)
)
\c@part=\count196
\c@chapter=\count197
\c@section=\count198
\c@subsection=\count199
\c@subsubsection=\count266
\c@paragraph=\count267
\c@subparagraph=\count268
\c@figure=\count269
\c@table=\count270
\abovecaptionskip=\skip49
\belowcaptionskip=\skip50
\bibindent=\dimen141
)
(C:\Users\ATTIOGBE\AppData\Local\Programs\MiKTeX\tex/latex/base\fontenc.sty
Package: fontenc 2021/04/29 v2.0v Standard LaTeX package
)
(C:\Users\ATTIOGBE\AppData\Local\Programs\MiKTeX\tex/generic/babel\babel.sty
Package: babel 2025/01/25 v25.2 The multilingual framework for pdfLaTeX, LuaLaT
eX and XeLaTeX
\babel@savecnt=\count271
\U@D=\dimen142
\l@unhyphenated=\language79

(C:\Users\ATTIOGBE\AppData\Local\Programs\MiKTeX\tex/generic/babel\txtbabel.def
)
\bbl@readstream=\read2
\bbl@dirlevel=\count272

*************************************
* Local config file bblopts.cfg used
*
(C:\Users\ATTIOGBE\AppData\Local\Programs\MiKTeX\tex/latex/arabi\bblopts.cfg
File: bblopts.cfg 2005/09/08 v0.1 add Arabic and Farsi to "declared" options of
 babel
)
(C:\Users\ATTIOGBE\AppData\Local\Programs\MiKTeX\tex/generic/babel-french\frenc
h.ldf
Language: french 2024-07-25 v3.6c French support from the babel system
Package babel Info: Hyphen rules for 'acadian' set to \l@french
(babel)             (\language22). Reported on input line 91.
Package babel Info: Hyphen rules for 'canadien' set to \l@french
(babel)             (\language22). Reported on input line 92.
\FB@stdchar=\count273
Package babel Info: Making : an active character on input line 421.
Package babel Info: Making ; an active character on input line 422.
Package babel Info: Making ! an active character on input line 423.
Package babel Info: Making ? an active character on input line 424.
\FBguill@level=\count274
\FBold@everypar=\toks17
\FB@Mht=\dimen143
\mc@charclass=\count275
\mc@charfam=\count276
\mc@charslot=\count277
\std@mcc=\count278
\dec@mcc=\count279
\FB@parskip=\dimen144
\listindentFB=\dimen145
\descindentFB=\dimen146
\labelindentFB=\dimen147
\labelwidthFB=\dimen148
\leftmarginFB=\dimen149
\parindentFFN=\dimen150
\FBfnindent=\dimen151
)
(C:\Users\ATTIOGBE\AppData\Local\Programs\MiKTeX\tex/latex/babel-english\englis
h.ldf
Language: english 2017/06/06 v3.3r English support from the babel system
Package babel Info: Hyphen rules for 'canadian' set to \l@english
(babel)             (\language0). Reported on input line 102.
Package babel Info: Hyphen rules for 'australian' set to \l@ukenglish
(babel)             (\language73). Reported on input line 105.
Package babel Info: Hyphen rules for 'newzealand' set to \l@ukenglish
(babel)             (\language73). Reported on input line 108.
))
(C:\Users\ATTIOGBE\AppData\Local\Programs\MiKTeX\tex/generic/babel/locale/en\ba
bel-english.tex
Package babel Info: Importing font and identification data for english
(babel)             from babel-en.ini. Reported on input line 11.
)
(C:\Users\ATTIOGBE\AppData\Local\Programs\MiKTeX\tex/generic/babel/locale/fr\ba
bel-french.tex
Package babel Info: Importing font and identification data for french
(babel)             from babel-fr.ini. Reported on input line 11.
)
(C:\Users\ATTIOGBE\AppData\Local\Programs\MiKTeX\tex/latex/carlisle\scalefnt.st
y) (C:\Users\ATTIOGBE\AppData\Local\Programs\MiKTeX\tex/latex/base\textcomp.sty
Package: textcomp 2024/04/24 v2.1b Standard LaTeX package
)
(C:\Users\ATTIOGBE\AppData\Local\Programs\MiKTeX\tex/latex/enumitem\enumitem.st
y
Package: enumitem 2025/01/19 v3.10 Customized lists
\enitkv@toks@=\toks18
\labelindent=\skip51
\enit@outerparindent=\dimen152
\enit@toks=\toks19
\enit@inbox=\box52
\enit@count@id=\count280
\enitdp@description=\count281
) (C:\Users\ATTIOGBE\AppData\Local\Programs\MiKTeX\tex/latex/xcolor\xcolor.sty
Package: xcolor 2024/09/29 v3.02 LaTeX color extensions (UK)

(C:\Users\ATTIOGBE\AppData\Local\Programs\MiKTeX\tex/latex/graphics-cfg\color.c
fg
File: color.cfg 2016/01/02 v1.6 sample color configuration
)
Package xcolor Info: Driver file: pdftex.def on input line 274.

(C:\Users\ATTIOGBE\AppData\Local\Programs\MiKTeX\tex/latex/graphics-def\pdftex.
def
File: pdftex.def 2024/04/13 v1.2c Graphics/color driver for pdftex
)
(C:\Users\ATTIOGBE\AppData\Local\Programs\MiKTeX\tex/latex/graphics\mathcolor.l
tx)
Package xcolor Info: Model `cmy' substituted by `cmy0' on input line 1349.
Package xcolor Info: Model `hsb' substituted by `rgb' on input line 1353.
Package xcolor Info: Model `RGB' extended on input line 1365.
Package xcolor Info: Model `HTML' substituted by `rgb' on input line 1367.
Package xcolor Info: Model `Hsb' substituted by `hsb' on input line 1368.
Package xcolor Info: Model `tHsb' substituted by `hsb' on input line 1369.
Package xcolor Info: Model `HSB' substituted by `hsb' on input line 1370.
Package xcolor Info: Model `Gray' substituted by `gray' on input line 1371.
Package xcolor Info: Model `wave' substituted by `hsb' on input line 1372.
)
(C:\Users\ATTIOGBE\AppData\Local\Programs\MiKTeX\tex/latex/graphics\dvipsnam.de
f
File: dvipsnam.def 2016/06/17 v3.0m Driver-dependent file (DPC,SPQR)
) (C:\Users\ATTIOGBE\AppData\Local\Programs\MiKTeX\tex/latex/xcolor\svgnam.def
File: svgnam.def 2024/09/29 v3.02 Predefined colors according to SVG 1.1 (UK)
)
(C:\Users\ATTIOGBE\AppData\Local\Programs\MiKTeX\tex/latex/colortbl\colortbl.st
y
Package: colortbl 2024/07/06 v1.0i Color table columns (DPC)
 (C:\Users\ATTIOGBE\AppData\Local\Programs\MiKTeX\tex/latex/tools\array.sty
Package: array 2024/10/17 v2.6g Tabular extension package (FMi)
\col@sep=\dimen153
\ar@mcellbox=\box53
\extrarowheight=\dimen154
\NC@list=\toks20
\extratabsurround=\skip52
\backup@length=\skip53
\ar@cellbox=\box54
)
\everycr=\toks21
\minrowclearance=\skip54
\rownum=\count282
)
(C:\Users\ATTIOGBE\AppData\Local\Programs\MiKTeX\tex/latex/setspace\setspace.st
y
Package: setspace 2022/12/04 v6.7b set line spacing
)
(C:\Users\ATTIOGBE\AppData\Local\Programs\MiKTeX\tex/latex/graphics\graphicx.st
y
Package: graphicx 2021/09/16 v1.2d Enhanced LaTeX Graphics (DPC,SPQR)

(C:\Users\ATTIOGBE\AppData\Local\Programs\MiKTeX\tex/latex/graphics\keyval.sty
Package: keyval 2022/05/29 v1.15 key=value parser (DPC)
\KV@toks@=\toks22
)
(C:\Users\ATTIOGBE\AppData\Local\Programs\MiKTeX\tex/latex/graphics\graphics.st
y
Package: graphics 2024/08/06 v1.4g Standard LaTeX Graphics (DPC,SPQR)
 (C:\Users\ATTIOGBE\AppData\Local\Programs\MiKTeX\tex/latex/graphics\trig.sty
Package: trig 2023/12/02 v1.11 sin cos tan (DPC)
)
(C:\Users\ATTIOGBE\AppData\Local\Programs\MiKTeX\tex/latex/graphics-cfg\graphic
s.cfg
File: graphics.cfg 2016/06/04 v1.11 sample graphics configuration
)
Package graphics Info: Driver file: pdftex.def on input line 106.
)
\Gin@req@height=\dimen155
\Gin@req@width=\dimen156
)
(C:\Users\ATTIOGBE\AppData\Local\Programs\MiKTeX\tex/latex/amsmath\amsmath.sty
Package: amsmath 2024/11/05 v2.17t AMS math features
\@mathmargin=\skip55

For additional information on amsmath, use the `?' option.
(C:\Users\ATTIOGBE\AppData\Local\Programs\MiKTeX\tex/latex/amsmath\amstext.sty
Package: amstext 2021/08/26 v2.01 AMS text

(C:\Users\ATTIOGBE\AppData\Local\Programs\MiKTeX\tex/latex/amsmath\amsgen.sty
File: amsgen.sty 1999/11/30 v2.0 generic functions
\@emptytoks=\toks23
\ex@=\dimen157
)) (C:\Users\ATTIOGBE\AppData\Local\Programs\MiKTeX\tex/latex/amsmath\amsbsy.st
y
Package: amsbsy 1999/11/29 v1.2d Bold Symbols
\pmbraise@=\dimen158
) (C:\Users\ATTIOGBE\AppData\Local\Programs\MiKTeX\tex/latex/amsmath\amsopn.sty
Package: amsopn 2022/04/08 v2.04 operator names
)
\inf@bad=\count283
LaTeX Info: Redefining \frac on input line 233.
\uproot@=\count284
\leftroot@=\count285
LaTeX Info: Redefining \overline on input line 398.
LaTeX Info: Redefining \colon on input line 409.
\classnum@=\count286
\DOTSCASE@=\count287
LaTeX Info: Redefining \ldots on input line 495.
LaTeX Info: Redefining \dots on input line 498.
LaTeX Info: Redefining \cdots on input line 619.
\Mathstrutbox@=\box55
\strutbox@=\box56
LaTeX Info: Redefining \big on input line 721.
LaTeX Info: Redefining \Big on input line 722.
LaTeX Info: Redefining \bigg on input line 723.
LaTeX Info: Redefining \Bigg on input line 724.
\big@size=\dimen159
LaTeX Font Info:    Redeclaring font encoding OML on input line 742.
LaTeX Font Info:    Redeclaring font encoding OMS on input line 743.
\macc@depth=\count288
LaTeX Info: Redefining \bmod on input line 904.
LaTeX Info: Redefining \pmod on input line 909.
LaTeX Info: Redefining \smash on input line 939.
LaTeX Info: Redefining \relbar on input line 969.
LaTeX Info: Redefining \Relbar on input line 970.
\c@MaxMatrixCols=\count289
\dotsspace@=\muskip17
\c@parentequation=\count290
\dspbrk@lvl=\count291
\tag@help=\toks24
\row@=\count292
\column@=\count293
\maxfields@=\count294
\andhelp@=\toks25
\eqnshift@=\dimen160
\alignsep@=\dimen161
\tagshift@=\dimen162
\tagwidth@=\dimen163
\totwidth@=\dimen164
\lineht@=\dimen165
\@envbody=\toks26
\multlinegap=\skip56
\multlinetaggap=\skip57
\mathdisplay@stack=\toks27
LaTeX Info: Redefining \[ on input line 2953.
LaTeX Info: Redefining \] on input line 2954.
)
(C:\Users\ATTIOGBE\AppData\Local\Programs\MiKTeX\tex/latex/amsfonts\amsfonts.st
y
Package: amsfonts 2013/01/14 v3.01 Basic AMSFonts support
\symAMSa=\mathgroup4
\symAMSb=\mathgroup5
LaTeX Font Info:    Redeclaring math symbol \hbar on input line 98.
LaTeX Font Info:    Overwriting math alphabet `\mathfrak' in version `bold'
(Font)                  U/euf/m/n --> U/euf/b/n on input line 106.
)
(C:\Users\ATTIOGBE\AppData\Local\Programs\MiKTeX\tex/latex/siunits\SIunits.sty
Package: SIunits 2007/12/02 v1.36 Support for the International System of units
 (MH)


\@qskwidth=\skip58
LaTeX Font Info:    Redeclaring font encoding TS1 on input line 46.
\symgreek=\mathgroup6
(C:\Users\ATTIOGBE\AppData\Local\Programs\MiKTeX\tex/latex/siunits\SIunits.cfg)
LaTeX Info: Redefining \usk on input line 576.
Option `cdot' provided!
Option `amssymb' provided!
)
(C:\Users\ATTIOGBE\AppData\Local\Programs\MiKTeX\tex/latex/mathcomp\mathcomp.st
y
Package: mathcomp 2001/01/07 v0.1f (TBo)
\symTC=\mathgroup7
LaTeX Font Info:    Overwriting symbol font `TC' in version `bold'
(Font)                  TS1/cmr/m/n --> TS1/cmr/bx/n on input line 25.
LaTeX Font Info:    Redeclaring math symbol \dagger on input line 47.
LaTeX Font Info:    Redeclaring math symbol \ddagger on input line 48.
)
(C:\Users\ATTIOGBE\AppData\Local\Programs\MiKTeX\tex/latex/multirow\multirow.st
y
Package: multirow 2024/11/12 v2.9 Span multiple rows of a table
\multirow@colwidth=\skip59
\multirow@cntb=\count295
\multirow@dima=\skip60
\bigstrutjot=\dimen166
)
(C:\Users\ATTIOGBE\AppData\Local\Programs\MiKTeX\tex/latex/geometry\geometry.st
y
Package: geometry 2020/01/02 v5.9 Page Geometry
 (C:\Users\ATTIOGBE\AppData\Local\Programs\MiKTeX\tex/generic/iftex\ifvtex.sty
Package: ifvtex 2019/10/25 v1.7 ifvtex legacy package. Use iftex instead.
(C:\Users\ATTIOGBE\AppData\Local\Programs\MiKTeX\tex/generic/iftex\iftex.sty
Package: iftex 2024/12/12 v1.0g TeX engine tests
))
\Gm@cnth=\count296
\Gm@cntv=\count297
\c@Gm@tempcnt=\count298
\Gm@bindingoffset=\dimen167
\Gm@wd@mp=\dimen168
\Gm@odd@mp=\dimen169
\Gm@even@mp=\dimen170
\Gm@layoutwidth=\dimen171
\Gm@layoutheight=\dimen172
\Gm@layouthoffset=\dimen173
\Gm@layoutvoffset=\dimen174
\Gm@dimlist=\toks28

(C:\Users\ATTIOGBE\AppData\Local\Programs\MiKTeX\tex/latex/geometry\geometry.cf
g))
(C:\Users\ATTIOGBE\AppData\Local\Programs\MiKTeX\tex/latex/fncychap\fncychap.st
y
Package: fncychap 2007/07/30 v1.34 LaTeX package (Revised chapters)
\RW=\skip61
\mylen=\skip62
\myhi=\skip63
\px=\skip64
\py=\skip65
\pyy=\skip66
\pxx=\skip67
)
(C:\Users\ATTIOGBE\AppData\Local\Programs\MiKTeX\tex/latex/psnfss\palatino.sty
Package: palatino 2020/03/25 PSNFSS-v9.3 (SPQR) 
) (C:\Users\ATTIOGBE\AppData\Local\Programs\MiKTeX\tex/latex/float\float.sty
Package: float 2001/11/08 v1.3d Float enhancements (AL)
\c@float@type=\count299
\float@exts=\toks29
\float@box=\box57
\@float@everytoks=\toks30
\@floatcapt=\box58
)
(C:\Users\ATTIOGBE\AppData\Local\Programs\MiKTeX\tex/latex/pdfpages\pdfpages.st
y
Package: pdfpages 2025/01/30 v0.6e Insert pages of external PDF documents (AM)
 (C:\Users\ATTIOGBE\AppData\Local\Programs\MiKTeX\tex/latex/base\ifthen.sty
Package: ifthen 2024/03/16 v1.1e Standard LaTeX ifthen package (DPC)
)
(C:\Users\ATTIOGBE\AppData\Local\Programs\MiKTeX\tex/latex/tools\calc.sty
Package: calc 2023/07/08 v4.3 Infix arithmetic (KKT,FJ)
\calc@Acount=\count300
\calc@Bcount=\count301
\calc@Adimen=\dimen175
\calc@Bdimen=\dimen176
\calc@Askip=\skip68
\calc@Bskip=\skip69
LaTeX Info: Redefining \setlength on input line 80.
LaTeX Info: Redefining \addtolength on input line 81.
\calc@Ccount=\count302
\calc@Cskip=\skip70
)
(C:\Users\ATTIOGBE\AppData\Local\Programs\MiKTeX\tex/latex/eso-pic\eso-pic.sty
Package: eso-pic 2023/05/03 v3.0c eso-pic (RN)
\ESO@tempdima=\dimen177
\ESO@tempdimb=\dimen178
)
(C:\Users\ATTIOGBE\AppData\Local\Programs\MiKTeX\tex/latex/etoolbox\etoolbox.st
y
Package: etoolbox 2020/10/05 v2.5k e-TeX tools for LaTeX (JAW)
\etb@tempcnta=\count303
)
\AM@pagewidth=\dimen179
\AM@pageheight=\dimen180
\AM@fboxrule=\dimen181

(C:\Users\ATTIOGBE\AppData\Local\Programs\MiKTeX\tex/latex/pdfpages\pppdftex.de
f
File: pppdftex.def 2025/01/30 v0.6e Pdfpages driver for pdfTeX (AM)
)
\pdfpages@includegraphics@status=\count304
\AM@pagebox=\box59
\AM@global@opts=\toks31
\AM@pagecnt=\count305
\AM@toc@title=\toks32
\AM@lof@heading=\toks33
\c@AM@survey=\count306
\AM@templatesizebox=\box60
) (C:\Users\ATTIOGBE\AppData\Local\Programs\MiKTeX\tex/latex/url\url.sty
\Urlmuskip=\muskip18
Package: url 2013/09/16  ver 3.4  Verb mode for urls, etc.
)
(C:\Users\ATTIOGBE\AppData\Local\Programs\MiKTeX\tex/latex/hyperref\hyperref.st
y
Package: hyperref 2024-11-05 v7.01l Hypertext links for LaTeX

(C:\Users\ATTIOGBE\AppData\Local\Programs\MiKTeX\tex/latex/kvsetkeys\kvsetkeys.
sty
Package: kvsetkeys 2022-10-05 v1.19 Key value parser (HO)
)
(C:\Users\ATTIOGBE\AppData\Local\Programs\MiKTeX\tex/generic/kvdefinekeys\kvdef
inekeys.sty
Package: kvdefinekeys 2019-12-19 v1.6 Define keys (HO)
)
(C:\Users\ATTIOGBE\AppData\Local\Programs\MiKTeX\tex/generic/pdfescape\pdfescap
e.sty
Package: pdfescape 2019/12/09 v1.15 Implements pdfTeX's escape features (HO)

(C:\Users\ATTIOGBE\AppData\Local\Programs\MiKTeX\tex/generic/ltxcmds\ltxcmds.st
y
Package: ltxcmds 2023-12-04 v1.26 LaTeX kernel commands for general use (HO)
)
(C:\Users\ATTIOGBE\AppData\Local\Programs\MiKTeX\tex/generic/pdftexcmds\pdftexc
mds.sty
Package: pdftexcmds 2020-06-27 v0.33 Utility functions of pdfTeX for LuaTeX (HO
)

(C:\Users\ATTIOGBE\AppData\Local\Programs\MiKTeX\tex/generic/infwarerr\infwarer
r.sty
Package: infwarerr 2019/12/03 v1.5 Providing info/warning/error messages (HO)
)
Package pdftexcmds Info: \pdf@primitive is available.
Package pdftexcmds Info: \pdf@ifprimitive is available.
Package pdftexcmds Info: \pdfdraftmode found.
))
(C:\Users\ATTIOGBE\AppData\Local\Programs\MiKTeX\tex/latex/hycolor\hycolor.sty
Package: hycolor 2020-01-27 v1.10 Color options for hyperref/bookmark (HO)
)
(C:\Users\ATTIOGBE\AppData\Local\Programs\MiKTeX\tex/latex/hyperref\nameref.sty
Package: nameref 2023-11-26 v2.56 Cross-referencing by name of section

(C:\Users\ATTIOGBE\AppData\Local\Programs\MiKTeX\tex/latex/refcount\refcount.st
y
Package: refcount 2019/12/15 v3.6 Data extraction from label references (HO)
)
(C:\Users\ATTIOGBE\AppData\Local\Programs\MiKTeX\tex/generic/gettitlestring\get
titlestring.sty
Package: gettitlestring 2019/12/15 v1.6 Cleanup title references (HO)

(C:\Users\ATTIOGBE\AppData\Local\Programs\MiKTeX\tex/latex/kvoptions\kvoptions.
sty
Package: kvoptions 2022-06-15 v3.15 Key value format for package options (HO)
))
\c@section@level=\count307
)
(C:\Users\ATTIOGBE\AppData\Local\Programs\MiKTeX\tex/generic/stringenc\stringen
c.sty
Package: stringenc 2019/11/29 v1.12 Convert strings between diff. encodings (HO
)
)
\@linkdim=\dimen182
\Hy@linkcounter=\count308
\Hy@pagecounter=\count309

(C:\Users\ATTIOGBE\AppData\Local\Programs\MiKTeX\tex/latex/hyperref\pd1enc.def
File: pd1enc.def 2024-11-05 v7.01l Hyperref: PDFDocEncoding definition (HO)
Now handling font encoding PD1 ...
... no UTF-8 mapping file for font encoding PD1
)
(C:\Users\ATTIOGBE\AppData\Local\Programs\MiKTeX\tex/generic/intcalc\intcalc.st
y
Package: intcalc 2019/12/15 v1.3 Expandable calculations with integers (HO)
)
\Hy@SavedSpaceFactor=\count310

(C:\Users\ATTIOGBE\AppData\Local\Programs\MiKTeX\tex/latex/hyperref\puenc.def
File: puenc.def 2024-11-05 v7.01l Hyperref: PDF Unicode definition (HO)
Now handling font encoding PU ...
... no UTF-8 mapping file for font encoding PU
)
Package hyperref Info: Option `colorlinks' set `true' on input line 4040.
Package hyperref Info: Hyper figures OFF on input line 4157.
Package hyperref Info: Link nesting OFF on input line 4162.
Package hyperref Info: Hyper index ON on input line 4165.
Package hyperref Info: Plain pages OFF on input line 4172.
Package hyperref Info: Backreferencing OFF on input line 4177.
Package hyperref Info: Implicit mode ON; LaTeX internals redefined.
Package hyperref Info: Bookmarks ON on input line 4424.
\c@Hy@tempcnt=\count311
LaTeX Info: Redefining \url on input line 4763.
\XeTeXLinkMargin=\dimen183

(C:\Users\ATTIOGBE\AppData\Local\Programs\MiKTeX\tex/generic/bitset\bitset.sty
Package: bitset 2019/12/09 v1.3 Handle bit-vector datatype (HO)

(C:\Users\ATTIOGBE\AppData\Local\Programs\MiKTeX\tex/generic/bigintcalc\bigintc
alc.sty
Package: bigintcalc 2019/12/15 v1.5 Expandable calculations on big integers (HO
)
))
\Fld@menulength=\count312
\Field@Width=\dimen184
\Fld@charsize=\dimen185
Package hyperref Info: Hyper figures OFF on input line 6042.
Package hyperref Info: Link nesting OFF on input line 6047.
Package hyperref Info: Hyper index ON on input line 6050.
Package hyperref Info: backreferencing OFF on input line 6057.
Package hyperref Info: Link coloring ON on input line 6060.
Package hyperref Info: Link coloring with OCG OFF on input line 6067.
Package hyperref Info: PDF/A mode OFF on input line 6072.

(C:\Users\ATTIOGBE\AppData\Local\Programs\MiKTeX\tex/latex/base\atbegshi-ltx.st
y
Package: atbegshi-ltx 2021/01/10 v1.0c Emulation of the original atbegshi
package with kernel methods
)
\Hy@abspage=\count313
\c@Item=\count314
\c@Hfootnote=\count315
)
Package hyperref Info: Driver (autodetected): hpdftex.

(C:\Users\ATTIOGBE\AppData\Local\Programs\MiKTeX\tex/latex/hyperref\hpdftex.def
File: hpdftex.def 2024-11-05 v7.01l Hyperref driver for pdfTeX

(C:\Users\ATTIOGBE\AppData\Local\Programs\MiKTeX\tex/latex/base\atveryend-ltx.s
ty
Package: atveryend-ltx 2020/08/19 v1.0a Emulation of the original atveryend pac
kage
with kernel methods
)
\Fld@listcount=\count316
\c@bookmark@seq@number=\count317

(C:\Users\ATTIOGBE\AppData\Local\Programs\MiKTeX\tex/latex/rerunfilecheck\rerun
filecheck.sty
Package: rerunfilecheck 2022-07-10 v1.10 Rerun checks for auxiliary files (HO)

(C:\Users\ATTIOGBE\AppData\Local\Programs\MiKTeX\tex/generic/uniquecounter\uniq
uecounter.sty
Package: uniquecounter 2019/12/15 v1.4 Provide unlimited unique counter (HO)
)
Package uniquecounter Info: New unique counter `rerunfilecheck' on input line 2
85.
)
\Hy@SectionHShift=\skip71
)
(C:\Users\ATTIOGBE\AppData\Local\Programs\MiKTeX\tex/latex/glossaries/base\glos
saries.sty
Package: glossaries 2024/11/01 v4.55 (NLCT)

(C:\Users\ATTIOGBE\AppData\Local\Programs\MiKTeX\tex/latex/xkeyval\xkeyval.sty
Package: xkeyval 2022/06/16 v2.9 package option processing (HA)

(C:\Users\ATTIOGBE\AppData\Local\Programs\MiKTeX\tex/generic/xkeyval\xkeyval.te
x
(C:\Users\ATTIOGBE\AppData\Local\Programs\MiKTeX\tex/generic/xkeyval\xkvutils.t
ex
\XKV@toks=\toks34
\XKV@tempa@toks=\toks35
)
\XKV@depth=\count318
File: xkeyval.tex 2014/12/03 v2.7a key=value parser (HA)
))
(C:\Users\ATTIOGBE\AppData\Local\Programs\MiKTeX\tex/latex/mfirstuc\mfirstuc.st
y
Package: mfirstuc 2022/10/14 v2.08 (NLCT)
\@glsmfirst=\toks36
\@glsmrest=\toks37
) (C:\Users\ATTIOGBE\AppData\Local\Programs\MiKTeX\tex/latex/xfor\xfor.sty
Package: xfor 2009/02/05 v1.05 (NLCT)
)
(C:\Users\ATTIOGBE\AppData\Local\Programs\MiKTeX\tex/latex/tracklang\tracklang.
sty
Package: tracklang 2025/01/26 v1.6.4 (NLCT) Track Languages

(C:\Users\ATTIOGBE\AppData\Local\Programs\MiKTeX\tex/generic/tracklang\tracklan
g.tex))
(C:\Users\ATTIOGBE\AppData\Local\Programs\MiKTeX\tex/latex/translator\translato
r.sty
Package: translator 2021-05-31 v1.12d Easy translation of strings in LaTeX
)
(C:\Users\ATTIOGBE\AppData\Local\Programs\MiKTeX\tex/latex/glossaries-english\g
lossaries-english.ldf
File: glossaries-english.ldf 2014/11/23 v1.0
)
(C:\Users\ATTIOGBE\AppData\Local\Programs\MiKTeX\tex/latex/glossaries-french\gl
ossaries-french.ldf
File: glossaries-french.ldf 2016/12/12 v1.1
)
(C:\Users\ATTIOGBE\AppData\Local\Programs\MiKTeX\tex/latex/datatool\datatool-ba
se.sty
Package: datatool-base 2019/09/27 v2.32 (NLCT)

(C:\Users\ATTIOGBE\AppData\Local\Programs\MiKTeX\tex/latex/substr\substr.sty
Package: substr 2009/10/20 v1.2 Handle substrings
\c@su@anzahl=\count319
)
(C:\Users\ATTIOGBE\AppData\Local\Programs\MiKTeX\tex/latex/datatool\datatool-fp
.sty
Package: datatool-fp 2019/09/27 v2.32 (NLCT)
 (C:\Users\ATTIOGBE\AppData\Local\Programs\MiKTeX\tex/latex/fp\fp.sty
Package: fp 1995/04/02

`Fixed Point Package', Version 0.8, April 2, 1995 (C) Michael Mehlich
(C:\Users\ATTIOGBE\AppData\Local\Programs\MiKTeX\tex/latex/fp\defpattern.sty
Package: defpattern 1994/10/12
\actioncount=\count320
)
(C:\Users\ATTIOGBE\AppData\Local\Programs\MiKTeX\tex/latex/fp\fp-basic.sty
Package: fp-basic 1996/05/13
\FP@xs=\count321
\FP@xia=\count322
\FP@xib=\count323
\FP@xfa=\count324
\FP@xfb=\count325
\FP@rega=\count326
\FP@regb=\count327
\FP@regs=\count328
\FP@times=\count329
)
(C:\Users\ATTIOGBE\AppData\Local\Programs\MiKTeX\tex/latex/fp\fp-addons.sty
Package: fp-addons 1995/03/15
)
(C:\Users\ATTIOGBE\AppData\Local\Programs\MiKTeX\tex/latex/fp\fp-snap.sty
Package: fp-snap 1995/04/05
)
(C:\Users\ATTIOGBE\AppData\Local\Programs\MiKTeX\tex/latex/fp\fp-exp.sty
Package: fp-exp 1995/04/03
)
(C:\Users\ATTIOGBE\AppData\Local\Programs\MiKTeX\tex/latex/fp\fp-trigo.sty
Package: fp-trigo 1995/04/14
)
(C:\Users\ATTIOGBE\AppData\Local\Programs\MiKTeX\tex/latex/fp\fp-pas.sty
Package: fp-pas 1994/08/29
)
(C:\Users\ATTIOGBE\AppData\Local\Programs\MiKTeX\tex/latex/fp\fp-random.sty
Package: fp-random 1995/02/23
\FPseed=\count330
)
(C:\Users\ATTIOGBE\AppData\Local\Programs\MiKTeX\tex/latex/fp\fp-eqn.sty
Package: fp-eqn 1995/04/03
)
(C:\Users\ATTIOGBE\AppData\Local\Programs\MiKTeX\tex/latex/fp\fp-upn.sty
Package: fp-upn 1996/10/21
)
(C:\Users\ATTIOGBE\AppData\Local\Programs\MiKTeX\tex/latex/fp\fp-eval.sty
Package: fp-eval 1995/04/03
)))
\@dtl@toks=\toks38
\@dtl@tmpcount=\count331
\dtl@tmplength=\skip72
\dtl@sortresult=\count332
\@dtl@numgrpsepcount=\count333
\@dtl@datatype=\count334
\dtl@codeA=\count335
\dtl@codeB=\count336
\@dtl@foreach@level=\count337
)
\gls@level=\count338
\@gls@tmpb=\toks39
\gls@tmplen=\skip73
\glskeylisttok=\toks40
\glslabeltok=\toks41
\glsshorttok=\toks42
\glslongtok=\toks43

(C:\Users\ATTIOGBE\AppData\Local\Programs\MiKTeX\tex/latex/glossaries/styles\gl
ossary-hypernav.sty
Package: glossary-hypernav 2024/11/01 v4.55 (NLCT)
)
(C:\Users\ATTIOGBE\AppData\Local\Programs\MiKTeX\tex/latex/glossaries/styles\gl
ossary-list.sty
Package: glossary-list 2024/11/01 v4.55 (NLCT)
\glslistdottedwidth=\skip74
)
(C:\Users\ATTIOGBE\AppData\Local\Programs\MiKTeX\tex/latex/glossaries/styles\gl
ossary-long.sty
Package: glossary-long 2024/11/01 v4.55 (NLCT)

(C:\Users\ATTIOGBE\AppData\Local\Programs\MiKTeX\tex/latex/tools\longtable.sty
Package: longtable 2024-10-27 v4.22 Multi-page Table package (DPC)
\LTleft=\skip75
\LTright=\skip76
\LTpre=\skip77
\LTpost=\skip78
\LTchunksize=\count339
\LTcapwidth=\dimen186
\LT@head=\box61
\LT@firsthead=\box62
\LT@foot=\box63
\LT@lastfoot=\box64
\LT@gbox=\box65
\LT@cols=\count340
\LT@rows=\count341
\c@LT@tables=\count342
\c@LT@chunks=\count343
\LT@p@ftn=\toks44
)
\glsdescwidth=\skip79
\glspagelistwidth=\skip80
)
(C:\Users\ATTIOGBE\AppData\Local\Programs\MiKTeX\tex/latex/glossaries/styles\gl
ossary-super.sty
Package: glossary-super 2024/11/01 v4.55 (NLCT)

(C:\Users\ATTIOGBE\AppData\Local\Programs\MiKTeX\tex/latex/supertabular\superta
bular.sty
Package: supertabular 2024/07/20 v4.2c the supertabular environment
\c@tracingst=\count344
\ST@wd=\dimen187
\ST@rightskip=\skip81
\ST@leftskip=\skip82
\ST@parfillskip=\skip83
\ST@pageleft=\dimen188
\ST@headht=\dimen189
\ST@tailht=\dimen190
\ST@pagesofar=\dimen191
\ST@pboxht=\dimen192
\ST@rowht=\dimen193
\ST@prevht=\dimen194
\ST@toadd=\dimen195
\ST@dimen=\dimen196
\ST@pbox=\box66
))
(C:\Users\ATTIOGBE\AppData\Local\Programs\MiKTeX\tex/latex/glossaries/styles\gl
ossary-tree.sty
Package: glossary-tree 2024/11/01 v4.55 (NLCT)
\glstreeindent=\skip84
))
(C:\Users\ATTIOGBE\AppData\Local\Programs\MiKTeX\tex/latex/fancyhdr\fancyhdr.st
y
Package: fancyhdr 2025/01/07 v5.1.1 Extensive control of page headers and foote
rs
\f@nch@headwidth=\skip85
\f@nch@offset@elh=\skip86
\f@nch@offset@erh=\skip87
\f@nch@offset@olh=\skip88
\f@nch@offset@orh=\skip89
\f@nch@offset@elf=\skip90
\f@nch@offset@erf=\skip91
\f@nch@offset@olf=\skip92
\f@nch@offset@orf=\skip93
\f@nch@height=\skip94
\f@nch@footalignment=\skip95
\f@nch@widthL=\skip96
\f@nch@widthC=\skip97
\f@nch@widthR=\skip98
\@temptokenb=\toks45
)
(C:\Users\ATTIOGBE\AppData\Local\Programs\MiKTeX\tex/latex/lastpage\lastpage.st
y
Package: lastpage 2025/01/27 v2.1e lastpage: 2.09 or 2e? (HMM)

(C:\Users\ATTIOGBE\AppData\Local\Programs\MiKTeX\tex/latex/lastpage\lastpage2e.
sty
Package: lastpage2e 2025/01/27 v2.1e Decide which 2e lastpage version to use (H
MM)

(C:\Users\ATTIOGBE\AppData\Local\Programs\MiKTeX\tex/latex/lastpage\lastpagemod
ern.sty
Package: lastpagemodern 2025-01-27 v2.1e Refers to last page's name (HMM; JPG)
\c@lastpagecount=\count345
) 
))
(C:\Users\ATTIOGBE\AppData\Local\Programs\MiKTeX\tex/latex/titlesec\titlesec.st
y
Package: titlesec 2025/01/04 v2.17 Sectioning titles
\ttl@box=\box67
\beforetitleunit=\skip99
\aftertitleunit=\skip100
\ttl@plus=\dimen197
\ttl@minus=\dimen198
\ttl@toksa=\toks46
\titlewidth=\dimen199
\titlewidthlast=\dimen256
\titlewidthfirst=\dimen257
)
(C:\Users\ATTIOGBE\AppData\Local\Programs\MiKTeX\tex/latex/changepage\changepag
e.sty
Package: changepage 2009/10/20 v1.0c check page and change page layout
\c@cp@cntr=\count346
\cp@tempcnt=\count347
)
(C:\Users\ATTIOGBE\AppData\Local\Programs\MiKTeX\tex/latex/framed\framed.sty
Package: framed 2011/10/22 v 0.96: framed or shaded text with page breaks
\OuterFrameSep=\skip101
\fb@frw=\dimen258
\fb@frh=\dimen259
\FrameRule=\dimen260
\FrameSep=\dimen261
)
(C:\Users\ATTIOGBE\AppData\Local\Programs\MiKTeX\tex/latex/listings\listings.st
y
\lst@mode=\count348
\lst@gtempboxa=\box68
\lst@token=\toks47
\lst@length=\count349
\lst@currlwidth=\dimen262
\lst@column=\count350
\lst@pos=\count351
\lst@lostspace=\dimen263
\lst@width=\dimen264
\lst@newlines=\count352
\lst@lineno=\count353
\lst@maxwidth=\dimen265

(C:\Users\ATTIOGBE\AppData\Local\Programs\MiKTeX\tex/latex/listings\lstpatch.st
y
File: lstpatch.sty 2024/09/23 1.10c (Carsten Heinz)
)
(C:\Users\ATTIOGBE\AppData\Local\Programs\MiKTeX\tex/latex/listings\lstmisc.sty
File: lstmisc.sty 2024/09/23 1.10c (Carsten Heinz)
\c@lstnumber=\count354
\lst@skipnumbers=\count355
\lst@framebox=\box69
)
(C:\Users\ATTIOGBE\AppData\Local\Programs\MiKTeX\tex/latex/listings\listings.cf
g
File: listings.cfg 2024/09/23 1.10c listings configuration
))
Package: listings 2024/09/23 1.10c (Carsten Heinz)

(C:\Users\ATTIOGBE\AppData\Local\Programs\MiKTeX\tex/latex/listingsutf8\listing
sutf8.sty
Package: listingsutf8 2019-12-10 v1.5 Allow UTF-8 in listings input (HO)
)
(C:\Users\ATTIOGBE\AppData\Local\Programs\MiKTeX\tex/latex/caption\caption.sty
Package: caption 2023/08/05 v3.6o Customizing captions (AR)

(C:\Users\ATTIOGBE\AppData\Local\Programs\MiKTeX\tex/latex/caption\caption3.sty
Package: caption3 2023/07/31 v2.4d caption3 kernel (AR)
\caption@tempdima=\dimen266
\captionmargin=\dimen267
\caption@leftmargin=\dimen268
\caption@rightmargin=\dimen269
\caption@width=\dimen270
\caption@indent=\dimen271
\caption@parindent=\dimen272
\caption@hangindent=\dimen273
Package caption Info: Standard document class detected.
Package caption Info: french babel package is loaded.
)
\c@caption@flags=\count356
\c@continuedfloat=\count357
Package caption Info: changepage package is loaded.
\caption@adjustwidth@hsize=\dimen274
\caption@adjustwidth@linewidth=\dimen275
Package caption Info: float package is loaded.
Package caption Info: hyperref package is loaded.
Package caption Info: listings package is loaded.
Package caption Info: longtable package is loaded.

(C:\Users\ATTIOGBE\AppData\Local\Programs\MiKTeX\tex/latex/caption\ltcaption.st
y
Package: ltcaption 2021/01/08 v1.4c longtable captions (AR)
)
Package caption Info: supertabular package is loaded.
)
(C:\Users\ATTIOGBE\AppData\Local\Programs\MiKTeX\tex/latex/minitoc\minitoc.sty
Package: minitoc 2018/07/12 v62 Package minitoc

(C:\Users\ATTIOGBE\AppData\Local\Programs\MiKTeX\tex/latex/minitoc\mtcmess.sty
Package: mtcmess 2006/03/14
)
Package minitoc Info: I0001
(minitoc)             *** minitoc package, version 62 ***.
\tf@mtc=\write3
\mtcindent=\skip102
\mtcskipamount=\skip103
Package minitoc Info: I0005
(minitoc)             compatible with hyperref.
Package minitoc Info: I0023
(minitoc)             part level macros available.
Package minitoc Info: I0003
(minitoc)             chapter level macros available.
\mtc@toks=\toks48
\mtc@strutbox=\box70
\mtc@hstrutbox=\box71
Package minitoc Info: I0002
(minitoc)             Autoconfiguration of extensions.
\openout3 = `main.mtc0'.

\openout3 = `main.mtc'.

(main.mtc0)
Package minitoc Info: I0012
(minitoc)             Long extensions (Unix-like) will be used.
Package minitoc Info: I0031
(minitoc)             ==> this version is configured for UNIX-like 
(minitoc)                 (long extensions) file names.
\openout3 = `main.mtc'.

\openout3 = `main.mtc0'.

\c@mtc=\count358
\c@minitocdepth=\count359
\c@ptc=\count360
\c@parttocdepth=\count361
\ptcindent=\skip104
Package minitoc Info: I0010
(minitoc)             The english language is selected.
(minitoc)              on input line 4910.

(C:\Users\ATTIOGBE\AppData\Local\Programs\MiKTeX\tex/latex/minitoc\english.mld
File: english.mld 2006/01/13
) (C:\Users\ATTIOGBE\AppData\Local\Programs\MiKTeX\tex/latex/minitoc\english.ml
d
File: english.mld 2006/01/13
)
Package minitoc Info: I0010
(minitoc)             The francais language is selected.
(minitoc)              on input line 4911.

(C:\Users\ATTIOGBE\AppData\Local\Programs\MiKTeX\tex/latex/minitoc\francais.mld
File: francais.mld 2004/12/14
Package minitoc Info: I0010
(minitoc)             The french language is selected.
(minitoc)              on input line 74.
(C:\Users\ATTIOGBE\AppData\Local\Programs\MiKTeX\tex/latex/minitoc\french.mld
File: french.mld 2006/03/21
))) (C:\Users\ATTIOGBE\AppData\Local\Programs\MiKTeX\tex/latex/psnfss\pifont.st
y
Package: pifont 2020/03/25 PSNFSS-v9.3 Pi font support (SPQR) 
LaTeX Font Info:    Trying to load font information for U+pzd on input line 63.


(C:\Users\ATTIOGBE\AppData\Local\Programs\MiKTeX\tex/latex/psnfss\upzd.fd
File: upzd.fd 2001/06/04 font definitions for U/pzd.
)
LaTeX Font Info:    Trying to load font information for U+psy on input line 64.


(C:\Users\ATTIOGBE\AppData\Local\Programs\MiKTeX\tex/latex/psnfss\upsy.fd
File: upsy.fd 2001/06/04 font definitions for U/psy.
))
(C:\Users\ATTIOGBE\AppData\Local\Programs\MiKTeX\tex/latex/pdflscape\pdflscape.
sty
Package: pdflscape 2022-10-27 v0.13 Display of landscape pages in PDF

(C:\Users\ATTIOGBE\AppData\Local\Programs\MiKTeX\tex/latex/pdflscape\pdflscape-
nometadata.sty
Package: pdflscape-nometadata 2022-10-28 v0.13 Display of landscape pages in PD
F (HO)

(C:\Users\ATTIOGBE\AppData\Local\Programs\MiKTeX\tex/latex/graphics\lscape.sty
Package: lscape 2020/05/28 v3.02 Landscape Pages (DPC)
)
Package pdflscape Info: Auto-detected driver: pdftex on input line 81.
))
(C:\Users\ATTIOGBE\AppData\Local\Programs\MiKTeX\tex/latex/psnfss\courier.sty
Package: courier 2020/03/25 PSNFSS-v9.3 (WaS) 
)
(C:\Users\ATTIOGBE\AppData\Local\Programs\MiKTeX\tex/latex/tocbibind\tocbibind.
sty
Package: tocbibind 2010/10/13 v1.5k extra ToC listings
Package tocbibind Info: The document has chapter divisions on input line 50.


Package tocbibind Note: Using chapter style headings, unless overridden.

)
(C:\Users\ATTIOGBE\AppData\Local\Programs\MiKTeX\tex/latex/algorithm2e\algorith
m2e.sty
Package: algorithm2e 2017/07/18 v5.2 algorithms environments
\c@AlgoLine=\count362
\algocf@hangindent=\skip105

(C:\Users\ATTIOGBE\AppData\Local\Programs\MiKTeX\tex/latex/ifoddpage\ifoddpage.
sty
Package: ifoddpage 2022/10/18 v1.2 Conditionals for odd/even page detection
\c@checkoddpage=\count363
LaTeX Info: Redefining \checkoddpage on input line 45.
)
(C:\Users\ATTIOGBE\AppData\Local\Programs\MiKTeX\tex/latex/tools\xspace.sty
Package: xspace 2014/10/28 v1.13 Space after command names (DPC,MH)
)
(C:\Users\ATTIOGBE\AppData\Local\Programs\MiKTeX\tex/latex/relsize\relsize.sty
Package: relsize 2013/03/29 ver 4.1
)
\skiptotal=\skip106
\skiplinenumber=\skip107
\skiprule=\skip108
\skiphlne=\skip109
\skiptext=\skip110
\skiplength=\skip111
\algomargin=\skip112
\skipalgocfslide=\skip113
\algowidth=\dimen276
\inoutsize=\dimen277
\inoutindent=\dimen278
\interspacetitleruled=\dimen279
\interspacealgoruled=\dimen280
\interspacetitleboxruled=\dimen281
\algocf@ruledwidth=\skip114
\algocf@inoutbox=\box72
\algocf@inputbox=\box73
\AlCapSkip=\skip115
\AlCapHSkip=\skip116
\algoskipindent=\skip117
\algocf@nlbox=\box74
\algocf@hangingbox=\box75
\algocf@untilbox=\box76
\algocf@skipuntil=\skip118
\algocf@capbox=\box77
\algocf@lcaptionbox=\skip119
\algoheightruledefault=\skip120
\algoheightrule=\skip121
\algotitleheightruledefault=\skip122
\algotitleheightrule=\skip123
\c@algocfline=\count364
\c@algocfproc=\count365
\c@algocf=\count366
\algocf@algoframe=\box78
\algocf@algobox=\box79
)
(C:\Users\ATTIOGBE\AppData\Local\Programs\MiKTeX\tex/latex/algorithmicx\algpseu
docode.sty
Package: algpseudocode 

(C:\Users\ATTIOGBE\AppData\Local\Programs\MiKTeX\tex/latex/algorithmicx\algorit
hmicx.sty
Package: algorithmicx 2005/04/27 v1.2 Algorithmicx

Document Style algorithmicx 1.2 - a greatly improved `algorithmic' style
\c@ALG@line=\count367
\c@ALG@rem=\count368
\c@ALG@nested=\count369
\ALG@tlm=\skip124
\ALG@thistlm=\skip125
\c@ALG@Lnr=\count370
\c@ALG@blocknr=\count371
\c@ALG@storecount=\count372
\c@ALG@tmpcounter=\count373
\ALG@tmplength=\skip126
)
Document Style - pseudocode environments for use with the `algorithmicx' style
)
(C:\Users\ATTIOGBE\AppData\Local\Programs\MiKTeX\tex/latex/pstricks\pstricks.st
y
Package: pstricks 2024/02/02 v0.75 LaTeX wrapper for `PSTricks' (RN,HV)

(C:\Users\ATTIOGBE\AppData\Local\Programs\MiKTeX\tex/generic/xkeyval\pst-xkey.t
ex
File: pst-xkey.tex 2005/11/25 v1.6 PSTricks specialization of xkeyval (HA)
)
(C:\Users\ATTIOGBE\AppData\Local\Programs\MiKTeX\tex/generic/pstricks\pstricks.
tex
(C:\Users\ATTIOGBE\AppData\Local\Programs\MiKTeX\tex/generic/pstricks\pst-fp.te
x `pst-fp' v0.06, 2020/11/20 (hv)
\pstFP@xs=\count374
\pstFP@xia=\count375
\pstFP@xib=\count376
\pstFP@xfa=\count377
\pstFP@xfb=\count378
\pstFP@rega=\count379
\pstFP@regb=\count380
\pstFP@regs=\count381
\pstFP@times=\count382
)
(C:\Users\ATTIOGBE\AppData\Local\Programs\MiKTeX\tex/latex/pgf/utilities\pgffor
.sty
(C:\Users\ATTIOGBE\AppData\Local\Programs\MiKTeX\tex/latex/pgf/utilities\pgfrcs
.sty
(C:\Users\ATTIOGBE\AppData\Local\Programs\MiKTeX\tex/generic/pgf/utilities\pgfu
til-common.tex
\pgfutil@everybye=\toks49
\pgfutil@tempdima=\dimen282
\pgfutil@tempdimb=\dimen283
)
(C:\Users\ATTIOGBE\AppData\Local\Programs\MiKTeX\tex/generic/pgf/utilities\pgfu
til-latex.def
\pgfutil@abb=\box80
)
(C:\Users\ATTIOGBE\AppData\Local\Programs\MiKTeX\tex/generic/pgf/utilities\pgfr
cs.code.tex
(C:\Users\ATTIOGBE\AppData\Local\Programs\MiKTeX\tex/generic/pgf\pgf.revision.t
ex)
Package: pgfrcs 2023-01-15 v3.1.10 (3.1.10)
))
(C:\Users\ATTIOGBE\AppData\Local\Programs\MiKTeX\tex/latex/pgf/utilities\pgfkey
s.sty
(C:\Users\ATTIOGBE\AppData\Local\Programs\MiKTeX\tex/generic/pgf/utilities\pgfk
eys.code.tex
\pgfkeys@pathtoks=\toks50
\pgfkeys@temptoks=\toks51

(C:\Users\ATTIOGBE\AppData\Local\Programs\MiKTeX\tex/generic/pgf/utilities\pgfk
eyslibraryfiltered.code.tex
\pgfkeys@tmptoks=\toks52
)))
(C:\Users\ATTIOGBE\AppData\Local\Programs\MiKTeX\tex/latex/pgf/math\pgfmath.sty

(C:\Users\ATTIOGBE\AppData\Local\Programs\MiKTeX\tex/generic/pgf/math\pgfmath.c
ode.tex
(C:\Users\ATTIOGBE\AppData\Local\Programs\MiKTeX\tex/generic/pgf/math\pgfmathut
il.code.tex
\pgf@x=\dimen284
\pgf@xa=\dimen285
\pgf@xb=\dimen286
\pgf@xc=\dimen287
\pgf@y=\dimen288
\pgf@ya=\dimen289
\pgf@yb=\dimen290
\pgf@yc=\dimen291
\c@pgf@counta=\count383
\c@pgf@countb=\count384
\c@pgf@countc=\count385
\c@pgf@countd=\count386
)
(C:\Users\ATTIOGBE\AppData\Local\Programs\MiKTeX\tex/generic/pgf/math\pgfmathpa
rser.code.tex
\pgfmath@dimen=\dimen292
\pgfmath@count=\count387
\pgfmath@box=\box81
\pgfmath@toks=\toks53
\pgfmath@stack@operand=\toks54
\pgfmath@stack@operation=\toks55
)
(C:\Users\ATTIOGBE\AppData\Local\Programs\MiKTeX\tex/generic/pgf/math\pgfmathfu
nctions.code.tex)
(C:\Users\ATTIOGBE\AppData\Local\Programs\MiKTeX\tex/generic/pgf/math\pgfmathfu
nctions.basic.code.tex)
(C:\Users\ATTIOGBE\AppData\Local\Programs\MiKTeX\tex/generic/pgf/math\pgfmathfu
nctions.trigonometric.code.tex)
(C:\Users\ATTIOGBE\AppData\Local\Programs\MiKTeX\tex/generic/pgf/math\pgfmathfu
nctions.random.code.tex)
(C:\Users\ATTIOGBE\AppData\Local\Programs\MiKTeX\tex/generic/pgf/math\pgfmathfu
nctions.comparison.code.tex)
(C:\Users\ATTIOGBE\AppData\Local\Programs\MiKTeX\tex/generic/pgf/math\pgfmathfu
nctions.base.code.tex)
(C:\Users\ATTIOGBE\AppData\Local\Programs\MiKTeX\tex/generic/pgf/math\pgfmathfu
nctions.round.code.tex)
(C:\Users\ATTIOGBE\AppData\Local\Programs\MiKTeX\tex/generic/pgf/math\pgfmathfu
nctions.misc.code.tex)
(C:\Users\ATTIOGBE\AppData\Local\Programs\MiKTeX\tex/generic/pgf/math\pgfmathfu
nctions.integerarithmetics.code.tex)
(C:\Users\ATTIOGBE\AppData\Local\Programs\MiKTeX\tex/generic/pgf/math\pgfmathca
lc.code.tex)
(C:\Users\ATTIOGBE\AppData\Local\Programs\MiKTeX\tex/generic/pgf/math\pgfmathfl
oat.code.tex
\c@pgfmathroundto@lastzeros=\count388
)))
(C:\Users\ATTIOGBE\AppData\Local\Programs\MiKTeX\tex/generic/pgf/utilities\pgff
or.code.tex
Package: pgffor 2023-01-15 v3.1.10 (3.1.10)
\pgffor@iter=\dimen293
\pgffor@skip=\dimen294
\pgffor@stack=\toks56
\pgffor@toks=\toks57
))
\psLoopIndex=\count389

`PSTricks' v3.21  <2024/11/16> (tvz,hv)
\pst@dima=\dimen295
\pst@dimb=\dimen296
\pst@dimc=\dimen297
\pst@dimd=\dimen298
\pst@dimg=\dimen299
\pst@dimh=\dimen300
\pst@dimm=\dimen301
\pst@dimn=\dimen302
\pst@dimo=\dimen303
\pst@dimp=\dimen304
\pst@hbox=\box82
\pst@ibox=\box83
\pst@boxg=\box84
\pst@cnta=\count390
\pst@cntb=\count391
\pst@cntc=\count392
\pst@cntd=\count393
\pst@cntg=\count394
\pst@cnth=\count395
\pst@cntm=\count396
\pst@cntn=\count397
\pst@cnto=\count398
\pst@cntp=\count399
\@zero=\count400
\pst@toks=\toks58
--- We are running latex or xelatex ---

(C:\Users\ATTIOGBE\AppData\Local\Programs\MiKTeX\tex/generic/pstricks\pstricks.
con)
(C:\Users\ATTIOGBE\AppData\Local\Programs\MiKTeX\tex/generic/pstricks\pstricks-
color.tex)
\psunit=\dimen305
\psxunit=\dimen306
\psyunit=\dimen307
\pst@C@@rType=\count401
\pslinewidth=\dimen308
\psk@startLW=\dimen309
\psk@endLW=\dimen310

(C:\Users\ATTIOGBE\AppData\Local\Programs\MiKTeX\tex/generic/pstricks\pstricks-
arrows.tex
\pshooklength=\dimen311
\pshookwidth=\dimen312
)
\pst@customdefs=\toks59

(C:\Users\ATTIOGBE\AppData\Local\Programs\MiKTeX\tex/generic/pstricks\pstricks-
dots.tex)
\pslinearc=\dimen313
\pst@symbolStep=\dimen314
\pst@symbolWidth=\dimen315
\pst@symbolLinewidth=\dimen316
\everypsbox=\toks60
\psframesep=\dimen317
\pslabelsep=\dimen318
\sh@wgridXunit=\dimen319
\sh@wgridYunit=\dimen320
\pst@shift=\dimen321
\ps@imagectr=\count402

(C:\Users\ATTIOGBE\AppData\Local\Programs\MiKTeX\tex/generic/pstricks\pstricks.
con))
File: pstricks.tex 2024/11/16 v3.21 `PSTricks' (tvz,hv)

(C:\Users\ATTIOGBE\AppData\Local\Programs\MiKTeX\tex/generic/pstricks\pst-fp.te
x `pst-fp' v0.06, 2020/11/20 (hv))
File: pst-fp.tex 2020/11/20 v0.06 `PST-fp' (hv)
)
(C:\Users\ATTIOGBE\AppData\Local\Programs\MiKTeX\tex/latex/pst-node\pst-node.st
y
Package: pst-node 2012/09/18 v1.01 LaTeX wrapper for `pst-node' (HV)
Package: pst-node 2010/04/22 package wrapper for pst-node.tex

(C:\Users\ATTIOGBE\AppData\Local\Programs\MiKTeX\tex/generic/pst-node\pst-node.
tex  v1.44, 2024/07/04
\psrow=\count403
\pscol=\count404
\psmatrixcnt=\count405
\psrowsep=\skip127
\pscolsep=\skip128
\pst@args=\count406
\num@pts=\count407
\pst@argcnt=\count408
)
File: pst-node.tex 2024/07/04 1.44 `pst-node' (tvz,hv)
)
(C:\Users\ATTIOGBE\AppData\Local\Programs\MiKTeX\tex/latex/pst-tree\pst-tree.st
y
Package: pst-tree 2009/01/25 package wrapper for pst-tree.tex

(C:\Users\ATTIOGBE\AppData\Local\Programs\MiKTeX\tex/generic/pst-tree\pst-tree.
tex  v1.14, 2021/09/04(tvz,dg,hv)
\pstree@rootbox=\box85
\pstree@box=\box86
\psnodecnt=\count409
\pstreelevel=\count410
\pstreecnt=\count411
\pstree@cnt=\count412
\pstree@stop=\count413
)
File: pst-tree.tex 2021/09/04 1.14 `pst-tree' (tvz,hv)
)
(C:\Users\ATTIOGBE\AppData\Local\Programs\MiKTeX\tex/latex/tocloft\tocloft.sty
Package: tocloft 2017/08/31 v2.3i parameterised ToC, etc., typesetting
Package tocloft Info: The document has chapter divisions on input line 51.
\cftparskip=\skip129
\cftbeforetoctitleskip=\skip130
\cftaftertoctitleskip=\skip131
\cftbeforepartskip=\skip132
\cftpartnumwidth=\skip133
\cftpartindent=\skip134
\cftbeforechapskip=\skip135
\cftchapindent=\skip136
\cftchapnumwidth=\skip137
\cftbeforesecskip=\skip138
\cftsecindent=\skip139
\cftsecnumwidth=\skip140
\cftbeforesubsecskip=\skip141
\cftsubsecindent=\skip142
\cftsubsecnumwidth=\skip143
\cftbeforesubsubsecskip=\skip144
\cftsubsubsecindent=\skip145
\cftsubsubsecnumwidth=\skip146
\cftbeforeparaskip=\skip147
\cftparaindent=\skip148
\cftparanumwidth=\skip149
\cftbeforesubparaskip=\skip150
\cftsubparaindent=\skip151
\cftsubparanumwidth=\skip152
\cftbeforeloftitleskip=\skip153
\cftafterloftitleskip=\skip154
\cftbeforefigskip=\skip155
\cftfigindent=\skip156
\cftfignumwidth=\skip157
\c@lofdepth=\count414
\c@lotdepth=\count415
\cftbeforelottitleskip=\skip158
\cftafterlottitleskip=\skip159
\cftbeforetabskip=\skip160
\cfttabindent=\skip161
\cfttabnumwidth=\skip162
) (C:\Users\ATTIOGBE\AppData\Local\Programs\MiKTeX\tex/latex/nomencl\nomencl.st
y
Package: nomencl 2021/11/10 v5.6 Nomenclature package

(C:\Users\ATTIOGBE\AppData\Local\Programs\MiKTeX\tex/latex/koma-script\tocbasic
.sty
Package: tocbasic 2024/10/24 v3.43 KOMA-Script package (handling toc-files)

(C:\Users\ATTIOGBE\AppData\Local\Programs\MiKTeX\tex/latex/koma-script\scrbase.
sty
Package: scrbase 2024/10/24 v3.43 KOMA-Script package (KOMA-Script-independent 
basics and keyval usage)

(C:\Users\ATTIOGBE\AppData\Local\Programs\MiKTeX\tex/latex/koma-script\scrlfile
.sty
Package: scrlfile 2024/10/24 v3.43 KOMA-Script package (file load hooks)

(C:\Users\ATTIOGBE\AppData\Local\Programs\MiKTeX\tex/latex/koma-script\scrlfile
-hook.sty
Package: scrlfile-hook 2024/10/24 v3.43 KOMA-Script package (using LaTeX hooks)


(C:\Users\ATTIOGBE\AppData\Local\Programs\MiKTeX\tex/latex/koma-script\scrlogo.
sty
Package: scrlogo 2024/10/24 v3.43 KOMA-Script package (logo)
)))
Applying: [2021/05/01] Usage of raw or classic option list on input line 254.
Already applied: [0000/00/00] Usage of raw or classic option list on input line
 370.
)
\scr@dte@tocline@numberwidth=\skip163
\scr@dte@tocline@numbox=\box87
)
Package tocbasic Info: setting babel extension for `nlo' on input line 187.
Package tocbasic Info: setting babel extension for `nls' on input line 188.
\nomlabelwidth=\dimen322
\nom@tempdim=\dimen323
\nomitemsep=\skip164
)
\@nomenclaturefile=\write4
\openout4 = `main.nlo'.

Package nomencl Info: Writing nomenclature file main.nlo on input line 348.
\@indexfile=\write5
\openout5 = `main.idx'.


Writing index file main.idx
\glswrite=\write6
\glo@main@file=\write7
\openout7 = `main.glo'.

Package glossaries Info: Writing glossary file main.glo on input line 438.
\glo@acronym@file=\write8
\openout8 = `main.acn'.

Package glossaries Info: Writing glossary file main.acn on input line 438.
)
(C:\Users\ATTIOGBE\AppData\Local\Programs\MiKTeX\tex/latex/titlesec\titletoc.st
y
Package: titletoc 2025/01/04 v2.17 TOC entries
\ttl@leftsep=\dimen324
) (google-fonts-config.tex
(C:\Users\ATTIOGBE\AppData\Local\Programs\MiKTeX\tex/latex/base\fontenc.sty
Package: fontenc 2021/04/29 v2.0v Standard LaTeX package
LaTeX Font Info:    Trying to load font information for T1+ppl on input line 11
6.

(C:\Users\ATTIOGBE\AppData\Local\Programs\MiKTeX\tex/latex/psnfss\t1ppl.fd
File: t1ppl.fd 2001/06/04 font definitions for T1/ppl.
))
(C:\Users\ATTIOGBE\AppData\Local\Programs\MiKTeX\tex/latex/base\inputenc.sty
Package: inputenc 2024/02/08 v1.3d Input encoding file
\inpenc@prehook=\toks61
\inpenc@posthook=\toks62
)
(C:\Users\ATTIOGBE\AppData\Local\Programs\MiKTeX\tex/latex/lm\lmodern.sty
Package: lmodern 2015/05/01 v1.6.1 Latin Modern Fonts
LaTeX Font Info:    Overwriting symbol font `operators' in version `normal'
(Font)                  OT1/cmr/m/n --> OT1/lmr/m/n on input line 22.
LaTeX Font Info:    Overwriting symbol font `letters' in version `normal'
(Font)                  OML/cmm/m/it --> OML/lmm/m/it on input line 23.
LaTeX Font Info:    Overwriting symbol font `symbols' in version `normal'
(Font)                  OMS/cmsy/m/n --> OMS/lmsy/m/n on input line 24.
LaTeX Font Info:    Overwriting symbol font `largesymbols' in version `normal'
(Font)                  OMX/cmex/m/n --> OMX/lmex/m/n on input line 25.
LaTeX Font Info:    Overwriting symbol font `operators' in version `bold'
(Font)                  OT1/cmr/bx/n --> OT1/lmr/bx/n on input line 26.
LaTeX Font Info:    Overwriting symbol font `letters' in version `bold'
(Font)                  OML/cmm/b/it --> OML/lmm/b/it on input line 27.
LaTeX Font Info:    Overwriting symbol font `symbols' in version `bold'
(Font)                  OMS/cmsy/b/n --> OMS/lmsy/b/n on input line 28.
LaTeX Font Info:    Overwriting symbol font `largesymbols' in version `bold'
(Font)                  OMX/cmex/m/n --> OMX/lmex/m/n on input line 29.
LaTeX Font Info:    Overwriting math alphabet `\mathbf' in version `normal'
(Font)                  OT1/cmr/bx/n --> OT1/lmr/bx/n on input line 31.
LaTeX Font Info:    Overwriting math alphabet `\mathsf' in version `normal'
(Font)                  OT1/cmss/m/n --> OT1/lmss/m/n on input line 32.
LaTeX Font Info:    Overwriting math alphabet `\mathit' in version `normal'
(Font)                  OT1/cmr/m/it --> OT1/lmr/m/it on input line 33.
LaTeX Font Info:    Overwriting math alphabet `\mathtt' in version `normal'
(Font)                  OT1/cmtt/m/n --> OT1/lmtt/m/n on input line 34.
LaTeX Font Info:    Overwriting math alphabet `\mathbf' in version `bold'
(Font)                  OT1/cmr/bx/n --> OT1/lmr/bx/n on input line 35.
LaTeX Font Info:    Overwriting math alphabet `\mathsf' in version `bold'
(Font)                  OT1/cmss/bx/n --> OT1/lmss/bx/n on input line 36.
LaTeX Font Info:    Overwriting math alphabet `\mathit' in version `bold'
(Font)                  OT1/cmr/bx/it --> OT1/lmr/bx/it on input line 37.
LaTeX Font Info:    Overwriting math alphabet `\mathtt' in version `bold'
(Font)                  OT1/cmtt/m/n --> OT1/lmtt/m/n on input line 38.
)
(C:\Users\ATTIOGBE\AppData\Local\Programs\MiKTeX\tex/latex/microtype\microtype.
sty
Package: microtype 2025/07/09 v3.2b Micro-typographical refinements (RS)
\MT@toks=\toks63
\MT@tempbox=\box88
\MT@count=\count416
LaTeX Info: Redefining \noprotrusionifhmode on input line 1087.
LaTeX Info: Redefining \leftprotrusion on input line 1088.
\MT@prot@toks=\toks64
LaTeX Info: Redefining \rightprotrusion on input line 1107.
LaTeX Info: Redefining \textls on input line 1449.
\MT@outer@kern=\dimen325
LaTeX Info: Redefining \microtypecontext on input line 2053.
LaTeX Info: Redefining \textmicrotypecontext on input line 2070.
\MT@listname@count=\count417

(C:\Users\ATTIOGBE\AppData\Local\Programs\MiKTeX\tex/latex/microtype\microtype-
pdftex.def
File: microtype-pdftex.def 2025/07/09 v3.2b Definitions specific to pdftex (RS)

LaTeX Info: Redefining \lsstyle on input line 944.
LaTeX Info: Redefining \lslig on input line 944.
\MT@outer@space=\skip165
)
Package microtype Info: Loading configuration file microtype.cfg.

(C:\Users\ATTIOGBE\AppData\Local\Programs\MiKTeX\tex/latex/microtype\microtype.
cfg
File: microtype.cfg 2025/07/09 v3.2b microtype main configuration file (RS)
)
LaTeX Info: Redefining \microtypesetup on input line 3065.
)
(C:\Users\ATTIOGBE\AppData\Local\Programs\MiKTeX\tex/latex/psnfss\helvet.sty
Package: helvet 2020/03/25 PSNFSS-v9.3 (WaS) 
)
(C:\Users\ATTIOGBE\AppData\Local\Programs\MiKTeX\tex/latex/booktabs\booktabs.st
y
Package: booktabs 2020/01/12 v1.61803398 Publication quality tables
\heavyrulewidth=\dimen326
\lightrulewidth=\dimen327
\cmidrulewidth=\dimen328
\belowrulesep=\dimen329
\belowbottomsep=\dimen330
\aboverulesep=\dimen331
\abovetopsep=\dimen332
\cmidrulesep=\dimen333
\cmidrulekern=\dimen334
\defaultaddspace=\dimen335
\@cmidla=\count418
\@cmidlb=\count419
\@aboverulesep=\dimen336
\@belowrulesep=\dimen337
\@thisruleclass=\count420
\@lastruleclass=\count421
\@thisrulewidth=\dimen338
)
Package hyperref Info: Option `colorlinks' set `true' on input line 213.
Package hyperref Info: Option `breaklinks' set `true' on input line 213.
)
(C:\Users\ATTIOGBE\AppData\Local\Programs\MiKTeX\tex/latex/caption\subcaption.s
ty
Package: subcaption 2023/07/28 v1.6b Sub-captions (AR)
Package caption Info: New subtype `subfigure' on input line 238.
\c@subfigure=\count422
Package caption Info: New subtype `subtable' on input line 238.
\c@subtable=\count423
) (ui-command.tex)
(C:\Users\ATTIOGBE\AppData\Local\Programs\MiKTeX\tex/latex/biblatex\biblatex.st
y
Package: biblatex 2024/03/21 v3.20 programmable bibliographies (PK/MW)
 (C:\Users\ATTIOGBE\AppData\Local\Programs\MiKTeX\tex/latex/logreq\logreq.sty
Package: logreq 2010/08/04 v1.0 xml request logger
\lrq@indent=\count424

(C:\Users\ATTIOGBE\AppData\Local\Programs\MiKTeX\tex/latex/logreq\logreq.def
File: logreq.def 2010/08/04 v1.0 logreq spec v1.0
))
\c@tabx@nest=\count425
\c@listtotal=\count426
\c@listcount=\count427
\c@liststart=\count428
\c@liststop=\count429
\c@citecount=\count430
\c@citetotal=\count431
\c@multicitecount=\count432
\c@multicitetotal=\count433
\c@instcount=\count434
\c@maxnames=\count435
\c@minnames=\count436
\c@maxitems=\count437
\c@minitems=\count438
\c@citecounter=\count439
\c@maxcitecounter=\count440
\c@savedcitecounter=\count441
\c@uniquelist=\count442
\c@uniquename=\count443
\c@refsection=\count444
\c@refsegment=\count445
\c@maxextratitle=\count446
\c@maxextratitleyear=\count447
\c@maxextraname=\count448
\c@maxextradate=\count449
\c@maxextraalpha=\count450
\c@abbrvpenalty=\count451
\c@highnamepenalty=\count452
\c@lownamepenalty=\count453
\c@maxparens=\count454
\c@parenlevel=\count455
\blx@tempcnta=\count456
\blx@tempcntb=\count457
\blx@tempcntc=\count458
\c@blx@maxsection=\count459
\blx@maxsegment@0=\count460
\blx@notetype=\count461
\blx@parenlevel@text=\count462
\blx@parenlevel@foot=\count463
\blx@sectionciteorder@0=\count464
\blx@sectionciteorderinternal@0=\count465
\blx@entrysetcounter=\count466
\blx@biblioinstance=\count467
\labelnumberwidth=\skip166
\labelalphawidth=\skip167
\biblabelsep=\skip168
\bibitemsep=\skip169
\bibnamesep=\skip170
\bibinitsep=\skip171
\bibparsep=\skip172
\bibhang=\skip173
\blx@bcfin=\read3
\blx@bcfout=\write9
\blx@langwohyphens=\language80
\c@mincomprange=\count468
\c@maxcomprange=\count469
\c@mincompwidth=\count470
Package biblatex Info: Trying to load biblatex default data model...
Package biblatex Info: ... file 'blx-dm.def' found.

(C:\Users\ATTIOGBE\AppData\Local\Programs\MiKTeX\tex/latex/biblatex\blx-dm.def
File: blx-dm.def 2024/03/21 v3.20 biblatex datamodel (PK/MW)
)
Package biblatex Info: Trying to load biblatex style data model...
Package biblatex Info: ... file 'numeric.dbx' not found.
Package biblatex Info: Trying to load biblatex custom data model...
Package biblatex Info: ... file 'biblatex-dm.cfg' not found.
\c@afterword=\count471
\c@savedafterword=\count472
\c@annotator=\count473
\c@savedannotator=\count474
\c@author=\count475
\c@savedauthor=\count476
\c@bookauthor=\count477
\c@savedbookauthor=\count478
\c@commentator=\count479
\c@savedcommentator=\count480
\c@editor=\count481
\c@savededitor=\count482
\c@editora=\count483
\c@savededitora=\count484
\c@editorb=\count485
\c@savededitorb=\count486
\c@editorc=\count487
\c@savededitorc=\count488
\c@foreword=\count489
\c@savedforeword=\count490
\c@holder=\count491
\c@savedholder=\count492
\c@introduction=\count493
\c@savedintroduction=\count494
\c@namea=\count495
\c@savednamea=\count496
\c@nameb=\count497
\c@savednameb=\count498
\c@namec=\count499
\c@savednamec=\count500
\c@translator=\count501
\c@savedtranslator=\count502
\c@shortauthor=\count503
\c@savedshortauthor=\count504
\c@shorteditor=\count505
\c@savedshorteditor=\count506
\c@labelname=\count507
\c@savedlabelname=\count508
\c@institution=\count509
\c@savedinstitution=\count510
\c@lista=\count511
\c@savedlista=\count512
\c@listb=\count513
\c@savedlistb=\count514
\c@listc=\count515
\c@savedlistc=\count516
\c@listd=\count517
\c@savedlistd=\count518
\c@liste=\count519
\c@savedliste=\count520
\c@listf=\count521
\c@savedlistf=\count522
\c@location=\count523
\c@savedlocation=\count524
\c@organization=\count525
\c@savedorganization=\count526
\c@origlocation=\count527
\c@savedoriglocation=\count528
\c@origpublisher=\count529
\c@savedorigpublisher=\count530
\c@publisher=\count531
\c@savedpublisher=\count532
\c@language=\count533
\c@savedlanguage=\count534
\c@origlanguage=\count535
\c@savedoriglanguage=\count536
\c@pageref=\count537
\c@savedpageref=\count538
\shorthandwidth=\skip174
\shortjournalwidth=\skip175
\shortserieswidth=\skip176
\shorttitlewidth=\skip177
\shortauthorwidth=\skip178
\shorteditorwidth=\skip179
\locallabelnumberwidth=\skip180
\locallabelalphawidth=\skip181
\localshorthandwidth=\skip182
\localshortjournalwidth=\skip183
\localshortserieswidth=\skip184
\localshorttitlewidth=\skip185
\localshortauthorwidth=\skip186
\localshorteditorwidth=\skip187
Package biblatex Info: Trying to load compatibility code...
Package biblatex Info: ... file 'blx-compat.def' found.

(C:\Users\ATTIOGBE\AppData\Local\Programs\MiKTeX\tex/latex/biblatex\blx-compat.
def
File: blx-compat.def 2024/03/21 v3.20 biblatex compatibility (PK/MW)
)
Package biblatex Info: Trying to load generic definitions...
Package biblatex Info: ... file 'biblatex.def' found.

(C:\Users\ATTIOGBE\AppData\Local\Programs\MiKTeX\tex/latex/biblatex\biblatex.de
f
File: biblatex.def 2024/03/21 v3.20 biblatex compatibility (PK/MW)
\c@textcitecount=\count539
\c@textcitetotal=\count540
\c@textcitemaxnames=\count541
\c@biburlbigbreakpenalty=\count542
\c@biburlbreakpenalty=\count543
\c@biburlnumpenalty=\count544
\c@biburlucpenalty=\count545
\c@biburllcpenalty=\count546
\biburlbigskip=\muskip19
\biburlnumskip=\muskip20
\biburlucskip=\muskip21
\biburllcskip=\muskip22
\c@smartand=\count547
)
Package biblatex Info: Trying to load bibliography style 'numeric'...
Package biblatex Info: ... file 'numeric.bbx' found.

(C:\Users\ATTIOGBE\AppData\Local\Programs\MiKTeX\tex/latex/biblatex/bbx\numeric
.bbx
File: numeric.bbx 2024/03/21 v3.20 biblatex bibliography style (PK/MW)
Package biblatex Info: Trying to load bibliography style 'standard'...
Package biblatex Info: ... file 'standard.bbx' found.

(C:\Users\ATTIOGBE\AppData\Local\Programs\MiKTeX\tex/latex/biblatex/bbx\standar
d.bbx
File: standard.bbx 2024/03/21 v3.20 biblatex bibliography style (PK/MW)
\c@bbx:relatedcount=\count548
\c@bbx:relatedtotal=\count549
))
Package biblatex Info: Trying to load citation style 'numeric'...
Package biblatex Info: ... file 'numeric.cbx' found.

(C:\Users\ATTIOGBE\AppData\Local\Programs\MiKTeX\tex/latex/biblatex/cbx\numeric
.cbx
File: numeric.cbx 2024/03/21 v3.20 biblatex citation style (PK/MW)
Package biblatex Info: Redefining '\cite'.
Package biblatex Info: Redefining '\parencite'.
Package biblatex Info: Redefining '\footcite'.
Package biblatex Info: Redefining '\footcitetext'.
Package biblatex Info: Redefining '\smartcite'.
Package biblatex Info: Redefining '\supercite'.
Package biblatex Info: Redefining '\textcite'.
Package biblatex Info: Redefining '\textcites'.
Package biblatex Info: Redefining '\cites'.
Package biblatex Info: Redefining '\parencites'.
Package biblatex Info: Redefining '\smartcites'.
)
Package biblatex Info: Trying to load configuration file...
Package biblatex Info: ... file 'biblatex.cfg' found.

(C:\Users\ATTIOGBE\AppData\Local\Programs\MiKTeX\tex/latex/biblatex\biblatex.cf
g
File: biblatex.cfg 
)
Package biblatex Info: Input encoding 'utf8' detected.
Package biblatex Info: Document encoding is UTF8 ....

(C:\Users\ATTIOGBE\AppData\Local\Programs\MiKTeX\tex/latex/l3kernel\expl3.sty
Package: expl3 2025-01-18 L3 programming layer (loader) 

(C:\Users\ATTIOGBE\AppData\Local\Programs\MiKTeX\tex/latex/l3backend\l3backend-
pdftex.def
File: l3backend-pdftex.def 2024-05-08 L3 backend support: PDF output (pdfTeX)
\l__color_backend_stack_int=\count550
\l__pdf_internal_box=\box89
))
Package biblatex Info: ... and expl3
(biblatex)             2025-01-18 L3 programming layer (loader) 
(biblatex)             is new enough (at least 2020/04/06),
(biblatex)             setting 'casechanger=expl3'.

(C:\Users\ATTIOGBE\AppData\Local\Programs\MiKTeX\tex/latex/biblatex\blx-case-ex
pl3.sty
(C:\Users\ATTIOGBE\AppData\Local\Programs\MiKTeX\tex/latex/l3packages/xparse\xp
arse.sty
Package: xparse 2024-08-16 L3 Experimental document command parser
)
Package: blx-case-expl3 2024/03/21 v3.20 expl3 case changing code for biblatex
)) (glossaire_reduit.tex)
(C:\Users\ATTIOGBE\AppData\Local\Programs\MiKTeX\tex/latex/listings\lstlang1.st
y
File: lstlang1.sty 2024/09/23 1.10c listings language file
)
(C:\Users\ATTIOGBE\AppData\Local\Programs\MiKTeX\tex/latex/listings\lstlang1.st
y
File: lstlang1.sty 2024/09/23 1.10c listings language file
)

Package biblatex Warning: 'babel/polyglossia' detected but 'csquotes' missing.
(biblatex)                Loading 'csquotes' recommended.

\@quotelevel=\count551
\@quotereset=\count552
LaTeX Font Info:    Trying to load font information for T1+lmr on input line 62
.
(C:\Users\ATTIOGBE\AppData\Local\Programs\MiKTeX\tex/latex/lm\t1lmr.fd
File: t1lmr.fd 2015/05/01 v1.6.1 Font defs for Latin Modern
)
(main.aux

LaTeX Warning: Label `fig:reseau_cmmb16' multiply defined.

)
\openout1 = `main.aux'.

LaTeX Font Info:    Checking defaults for OML/cmm/m/it on input line 62.
LaTeX Font Info:    ... okay on input line 62.
LaTeX Font Info:    Checking defaults for OMS/cmsy/m/n on input line 62.
LaTeX Font Info:    ... okay on input line 62.
LaTeX Font Info:    Checking defaults for OT1/cmr/m/n on input line 62.
LaTeX Font Info:    ... okay on input line 62.
LaTeX Font Info:    Checking defaults for T1/cmr/m/n on input line 62.
LaTeX Font Info:    ... okay on input line 62.
LaTeX Font Info:    Checking defaults for TS1/cmr/m/n on input line 62.
LaTeX Font Info:    ... okay on input line 62.
LaTeX Font Info:    Checking defaults for OMX/cmex/m/n on input line 62.
LaTeX Font Info:    ... okay on input line 62.
LaTeX Font Info:    Checking defaults for U/cmr/m/n on input line 62.
LaTeX Font Info:    ... okay on input line 62.
LaTeX Font Info:    Checking defaults for PD1/pdf/m/n on input line 62.
LaTeX Font Info:    ... okay on input line 62.
LaTeX Font Info:    Checking defaults for PU/pdf/m/n on input line 62.
LaTeX Font Info:    ... okay on input line 62.
LaTeX Info: Redefining \degres on input line 62.
LaTeX Info: Redefining \up on input line 62.

(C:\Users\ATTIOGBE\AppData\Local\Programs\MiKTeX\tex/context/base/mkii\supp-pdf
.mkii
[Loading MPS to PDF converter (version 2006.09.02).]
\scratchcounter=\count553
\scratchdimen=\dimen339
\scratchbox=\box90
\nofMPsegments=\count554
\nofMParguments=\count555
\everyMPshowfont=\toks65
\MPscratchCnt=\count556
\MPscratchDim=\dimen340
\MPnumerator=\count557
\makeMPintoPDFobject=\count558
\everyMPtoPDFconversion=\toks66
)
(C:\Users\ATTIOGBE\AppData\Local\Programs\MiKTeX\tex/latex/epstopdf-pkg\epstopd
f-base.sty
Package: epstopdf-base 2020-01-24 v2.11 Base part for package epstopdf
Package epstopdf-base Info: Redefining graphics rule for `.eps' on input line 4
85.

(C:\Users\ATTIOGBE\AppData\Local\Programs\MiKTeX\tex/latex/00miktex\epstopdf-sy
s.cfg
File: epstopdf-sys.cfg 2021/03/18 v2.0 Configuration of epstopdf for MiKTeX
))
Option `amssymb' provided! 
 Command \square redefined by SIunits package!


Package SIunits Warning: The command \gray was already defined.
(SIunits)                Possibly due to the pstricks package.

Hint: use option `pstricks' or `Gray' with SIunits package.
See SIunits.dvi or readme.txt section: Known problems and limitations.

*geometry* driver: auto-detecting
*geometry* detected driver: pdftex
*geometry* verbose mode - [ preamble ] result:
* driver: pdftex
* paper: <default>
* layout: <same size as paper>
* layoutoffset:(h,v)=(0.0pt,0.0pt)
* modes: 
* h-part:(L,W,R)=(56.9055pt, 483.69687pt, 56.9055pt)
* v-part:(T,H,B)=(56.9055pt, 731.23584pt, 56.9055pt)
* \paperwidth=597.50787pt
* \paperheight=845.04684pt
* \textwidth=483.69687pt
* \textheight=731.23584pt
* \oddsidemargin=-15.36449pt
* \evensidemargin=-15.36449pt
* \topmargin=-52.36449pt
* \headheight=22.0pt
* \headsep=25.0pt
* \topskip=11.0pt
* \footskip=30.0pt
* \marginparwidth=50.0pt
* \marginparsep=10.0pt
* \columnsep=10.0pt
* \skip\footins=10.0pt plus 4.0pt minus 2.0pt
* \hoffset=0.0pt
* \voffset=0.0pt
* \mag=1000
* \@twocolumnfalse
* \@twosidefalse
* \@mparswitchfalse
* \@reversemarginfalse
* (1in=72.27pt=25.4mm, 1cm=28.453pt)

Package hyperref Info: Link coloring ON on input line 62.
(main.out) (main.out)
\@outlinefile=\write10
\openout10 = `main.out'.

\c@lstlisting=\count559
Package tocbasic Info: setting babel extension for `lol' on input line 62.
Package caption Info: Begin \AtBeginDocument code.
Package caption Info: End \AtBeginDocument code.
\c@minilofdepth=\count560
\c@minilotdepth=\count561
\c@partlofdepth=\count562
\c@partlotdepth=\count563
\c@sectlofdepth=\count564
\c@sectlotdepth=\count565
Package minitoc(hints) Info: I0049
(minitoc(hints))             ==> You requested the hints option. 
(minitoc(hints))             Some hints are eventually given below.
Package minitoc(hints) Info: I0046
(minitoc(hints))             --- The tocbibind package is loaded. 
(minitoc(hints))             See the minitoc package documentation 
(minitoc(hints))             for specific precautions.
Package minitoc(hints) Info: I0047
(minitoc(hints))             --- The tocloft package is loaded. 
(minitoc(hints))             See the minitoc package documentation 
(minitoc(hints))             for specific precautions.


Package minitoc(hints) Warning: W0099
(minitoc(hints))                --- The titlesec package is loaded. 
(minitoc(hints))                It is incompatible 
(minitoc(hints))                with the minitoc package.


Package minitoc(hints) Warning: W0040
(minitoc(hints))                --- The titletoc package is loaded. 
(minitoc(hints))                It is incompatible 
(minitoc(hints))                with the minitoc package.


Package minitoc(hints) Warning: W0030
(minitoc(hints))                --- The \part command is altered 
(minitoc(hints))                after minitoc.


Package minitoc(hints) Warning: W0023
(minitoc(hints))                --- It may be the consequence 
(minitoc(hints))                of loading the ``hyperref'' package.


Package minitoc(hints) Warning: W0028
(minitoc(hints))                --- The \chapter command is altered 
(minitoc(hints))                after minitoc.


Package minitoc(hints) Warning: W0023
(minitoc(hints))                --- It may be the consequence 
(minitoc(hints))                of loading the ``hyperref'' package.

LaTeX Info: Redefining \microtypecontext on input line 62.
Package microtype Info: Applying patch `item' on input line 62.
Package microtype Info: Applying patch `toc' on input line 62.
Package microtype Info: Applying patch `eqnum' on input line 62.
Package microtype Info: Applying patch `footnote' on input line 62.
Package microtype Info: Applying patch `verbatim' on input line 62.
LaTeX Info: Redefining \microtypesetup on input line 62.
Package microtype Info: Generating PDF output.
Package microtype Info: Character protrusion enabled (level 2),
(microtype)             factor: 1100.
Package microtype Info: Using default protrusion set `alltext'.
Package microtype Info: Automatic font expansion enabled (level 2),
(microtype)             stretch: 10, shrink: 10, step: 1, non-selected.
Package microtype Info: Using default expansion set `alltext-nott'.
Package microtype Info: Patching command `\showhyphens'.
Package microtype Info: Tracking enabled.
Package microtype Info: Using default tracking set `smallcaps'.
Package microtype Info: Adjustment of interword spacing enabled.
Package microtype Info: Using default spacing set `alltext-nott'.
Package microtype Info: Adjustment of character kerning enabled.
Package microtype Info: Using default kerning set `alltext'.

(C:\Users\ATTIOGBE\AppData\Local\Programs\MiKTeX\tex/latex/microtype\mt-cmr.cfg
File: mt-cmr.cfg 2013/05/19 v2.2 microtype config. file: Computer Modern Roman 
(RS)
)

Package microtype Warning: \nonfrenchspacing is active. Adjustment of
(microtype)                interword spacing will disable it. You might want
(microtype)                to add `\microtypecontext{spacing=nonfrench}'
(microtype)                to your preamble.

Package biblatex Info: Trying to load language 'english'...
Package biblatex Info: ... file 'english.lbx' found.

(C:\Users\ATTIOGBE\AppData\Local\Programs\MiKTeX\tex/latex/biblatex/lbx\english
.lbx
File: english.lbx 2024/03/21 v3.20 biblatex localization (PK/MW)
)
Package biblatex Info: Trying to load language 'french'...
Package biblatex Info: ... file 'french.lbx' found.

(C:\Users\ATTIOGBE\AppData\Local\Programs\MiKTeX\tex/latex/biblatex/lbx\french.
lbx
File: french.lbx 2024/03/21 v3.20 biblatex localization (PK/MW)
)
Package biblatex Info: Input encoding 'utf8' detected.
Package biblatex Info: Automatic encoding selection.
(biblatex)             Assuming data encoding 'utf8'.
\openout9 = `main.bcf'.

Package biblatex Info: Trying to load bibliographic data...
Package biblatex Info: ... file 'main.bbl' found.
 (main.bbl)
Package biblatex Info: Reference section=0 on input line 62.
Package biblatex Info: Reference segment=0 on input line 62.
LaTeX Font Info:    Trying to load font information for OT1+lmr on input line 6
4.

(C:\Users\ATTIOGBE\AppData\Local\Programs\MiKTeX\tex/latex/lm\ot1lmr.fd
File: ot1lmr.fd 2015/05/01 v1.6.1 Font defs for Latin Modern
)
LaTeX Font Info:    Trying to load font information for OML+lmm on input line 6
4.

(C:\Users\ATTIOGBE\AppData\Local\Programs\MiKTeX\tex/latex/lm\omllmm.fd
File: omllmm.fd 2015/05/01 v1.6.1 Font defs for Latin Modern
)
LaTeX Font Info:    Trying to load font information for OMS+lmsy on input line 
64.

(C:\Users\ATTIOGBE\AppData\Local\Programs\MiKTeX\tex/latex/lm\omslmsy.fd
File: omslmsy.fd 2015/05/01 v1.6.1 Font defs for Latin Modern
)
LaTeX Font Info:    Trying to load font information for OMX+lmex on input line 
64.

(C:\Users\ATTIOGBE\AppData\Local\Programs\MiKTeX\tex/latex/lm\omxlmex.fd
File: omxlmex.fd 2015/05/01 v1.6.1 Font defs for Latin Modern
)
LaTeX Font Info:    External font `lmex10' loaded for size
(Font)              <10.95> on input line 64.
LaTeX Font Info:    External font `lmex10' loaded for size
(Font)              <8> on input line 64.
LaTeX Font Info:    External font `lmex10' loaded for size
(Font)              <6> on input line 64.
LaTeX Font Info:    Trying to load font information for U+msa on input line 64.


(C:\Users\ATTIOGBE\AppData\Local\Programs\MiKTeX\tex/latex/amsfonts\umsa.fd
File: umsa.fd 2013/01/14 v3.01 AMS symbols A
)
(C:\Users\ATTIOGBE\AppData\Local\Programs\MiKTeX\tex/latex/microtype\mt-msa.cfg
File: mt-msa.cfg 2006/02/04 v1.1 microtype config. file: AMS symbols (a) (RS)
)
LaTeX Font Info:    Trying to load font information for U+msb on input line 64.

 (C:\Users\ATTIOGBE\AppData\Local\Programs\MiKTeX\tex/latex/amsfonts\umsb.fd
File: umsb.fd 2013/01/14 v3.01 AMS symbols B
)
(C:\Users\ATTIOGBE\AppData\Local\Programs\MiKTeX\tex/latex/microtype\mt-msb.cfg
File: mt-msb.cfg 2005/06/01 v1.0 microtype config. file: AMS symbols (b) (RS)
)
(C:\Users\ATTIOGBE\AppData\Local\Programs\MiKTeX\tex/latex/microtype\mt-eur.cfg
File: mt-eur.cfg 2006/07/31 v1.1 microtype config. file: AMS Euler Roman (RS)
)
LaTeX Font Info:    Trying to load font information for T1+phv on input line 64
.
 (C:\Users\ATTIOGBE\AppData\Local\Programs\MiKTeX\tex/latex/psnfss\t1phv.fd
File: t1phv.fd 2020/03/25 scalable font definitions for T1/phv.
)
LaTeX Font Info:    Font shape `T1/phv/m/n' will be
(Font)              scaled to size 10.07397pt on input line 64.
Package microtype Info: Loading generic protrusion settings for font family
(microtype)             `phv' (encoding: T1).
(microtype)             For optimal results, create family-specific settings.
(microtype)             See the microtype manual for details.
LaTeX Font Info:    Font shape `T1/phv/m/n' will be
(Font)              scaled to size 7.35999pt on input line 64.
<images/logoUAC1.png, id=249, 160.6pt x 186.6975pt>
File: images/logoUAC1.png Graphic file (type png)
<use images/logoUAC1.png>
Package pdftex.def Info: images/logoUAC1.png  used on input line 64.
(pdftex.def)             Requested size: 80.29979pt x 93.34851pt.
LaTeX Font Info:    Font shape `T1/phv/b/n' will be
(Font)              scaled to size 7.35999pt on input line 64.
LaTeX Font Info:    Font shape `T1/phv/b/n' will be
(Font)              scaled to size 8.27998pt on input line 64.
LaTeX Font Info:    Trying to load font information for T1+lmtt on input line 6
4.

(C:\Users\ATTIOGBE\AppData\Local\Programs\MiKTeX\tex/latex/lm\t1lmtt.fd
File: t1lmtt.fd 2015/05/01 v1.6.1 Font defs for Latin Modern
)
Package microtype Info: Loading generic protrusion settings for font family
(microtype)             `lmtt' (encoding: T1).
(microtype)             For optimal results, create family-specific settings.
(microtype)             See the microtype manual for details.
LaTeX Font Info:    External font `lmex10' loaded for size
(Font)              <10> on input line 64.
LaTeX Font Info:    External font `lmex10' loaded for size
(Font)              <7> on input line 64.
LaTeX Font Info:    External font `lmex10' loaded for size
(Font)              <5> on input line 64.
<images/logoIfri.png, id=253, 200.75pt x 126.874pt>
File: images/logoIfri.png Graphic file (type png)
<use images/logoIfri.png>
Package pdftex.def Info: images/logoIfri.png  used on input line 64.
(pdftex.def)             Requested size: 100.37474pt x 63.43683pt.

Overfull \hbox (0.7901pt too wide) in paragraph at lines 64--64
[]  
 []



[1
Non-PDF special ignored!
<special> header=pstricks.pro
Non-PDF special ignored!
<special> header=pst-algparser.pro
Non-PDF special ignored!
<special> header=pst-tools.pro
Non-PDF special ignored!
<special> header=pst-dots.pro
Non-PDF special ignored!
<special> header=pst-node.pro

Non-PDF special ignored!
<special> ps: /pssetRGBcolor /setrgbcolor load def /pssetCMYKcolor /setcmyk...
Non-PDF special ignored!
<special> ps:tx@Dict begin  gsave STV CP T /ps@rot 0 def grestore  end
Non-PDF special ignored!
<special> ps:tx@Dict begin  gsave STV CP T /ps@refangle 0.  def grestore  e...
Non-PDF special ignored!
<special> ps:tx@Dict begin  gsave STV CP T /ps@rot 0 def grestore  end
Non-PDF special ignored!
<special> ps:0.8 setlinewidth 0 setgray
\openout6 = `main.ist'.

{C:/Users/ATTIOGBE/AppData/Local/MiKTeX/fonts/map/pdftex/pdftex.map}{C:/Users/A
TTIOGBE/AppData/Local/Programs/MiKTeX/fonts/enc/dvips/base/8r.enc}{C:/Users/ATT
IOGBE/AppData/Local/Programs/MiKTeX/fonts/enc/dvips/lm/lm-ec.enc} <./images/log
oUAC1.png> <./images/logoIfri.png>]
\c@ttl@toc@default=\count566
 (main.ptc) (0-dedicace.tex

[1

])

[2

] (1-remerciements.tex
LaTeX Font Info:    Trying to load font information for TS1+lmr on input line 1
5.

(C:\Users\ATTIOGBE\AppData\Local\Programs\MiKTeX\tex/latex/lm\ts1lmr.fd
File: ts1lmr.fd 2015/05/01 v1.6.1 Font defs for Latin Modern
))

[3

{C:/Users/ATTIOGBE/AppData/Local/Programs/MiKTeX/fonts/enc/dvips/lm/lm-ts1.enc}
] (2-resume.tex

[4


])

[5] (main.lof)
\tf@lof=\write11
\openout11 = `main.lof'.



[6] (main.lot)
\tf@lot=\write12
\openout12 = `main.lot'.

 (main.acr

[7]

[8


]

LaTeX Font Info:    Font shape `T1/phv/m/n' will be
(Font)              scaled to size 9.19998pt on input line 169.
[9])

[10] (3-introduction.tex
LaTeX Font Info:    Font shape `T1/phv/b/n' will be
(Font)              scaled to size 14.71997pt on input line 5.



pdfTeX warning (ext4): destination with the same identifier (name{page.1}) has 
been already used, duplicate ignored
<to be read again> 
                   \relax 
l.47     \item L
                e chapitre I traite de la revue littÃ©raire; [1

])

[2]
Chapitre 1.
LaTeX Font Info:    Trying to load font information for OT1+phv on input line 1
26.
(C:\Users\ATTIOGBE\AppData\Local\Programs\MiKTeX\tex/latex/psnfss\ot1phv.fd
File: ot1phv.fd 2020/03/25 scalable font definitions for OT1/phv.
)
LaTeX Font Info:    Font shape `OT1/phv/m/n' will be
(Font)              scaled to size 12.87997pt on input line 126.
Package microtype Info: Loading generic protrusion settings for font family
(microtype)             `phv' (encoding: OT1).
(microtype)             For optimal results, create family-specific settings.
(microtype)             See the microtype manual for details.
LaTeX Font Info:    Trying to load font information for OT1+ptm on input line 1
26.

(C:\Users\ATTIOGBE\AppData\Local\Programs\MiKTeX\tex/latex/psnfss\ot1ptm.fd
File: ot1ptm.fd 2001/06/04 font definitions for OT1/ptm.
)
(C:\Users\ATTIOGBE\AppData\Local\Programs\MiKTeX\tex/latex/microtype\mt-ptm.cfg
File: mt-ptm.cfg 2006/04/20 v1.7 microtype config. file: Times (RS)
) (1-partie/1-fichier.tex

Package hyperref Warning: Token not allowed in a PDF string (Unicode):
(hyperref)                removing `\cite' on input line 5.

LaTeX Font Info:    Font shape `T1/phv/b/n' will be
(Font)              scaled to size 12.87997pt on input line 6.


[3

]

Package hyperref Warning: Token not allowed in a PDF string (Unicode):
(hyperref)                removing `\cite' on input line 45.



[4]
LaTeX Font Info:    Font shape `T1/phv/b/n' will be
(Font)              scaled to size 11.03998pt on input line 70.


[5]

[6]

Package hyperref Warning: Token not allowed in a PDF string (Unicode):
(hyperref)                removing `\gls' on input line 167.



[7]

Package hyperref Warning: Token not allowed in a PDF string (Unicode):
(hyperref)                removing `\gls' on input line 182.


Package hyperref Warning: Token not allowed in a PDF string (Unicode):
(hyperref)                removing `\gls' on input line 182.


Package hyperref Warning: Token not allowed in a PDF string (Unicode):
(hyperref)                removing `\gls' on input line 182.


Package hyperref Warning: Token not allowed in a PDF string (Unicode):
(hyperref)                removing `\gls' on input line 195.


Package hyperref Warning: Token not allowed in a PDF string (Unicode):
(hyperref)                removing `\gls' on input line 195.

LaTeX Font Info:    Font shape `T1/phv/b/n' will be
(Font)              scaled to size 9.19998pt on input line 199.
<images/1.png, id=860, 674.52pt x 451.6875pt>
File: images/1.png Graphic file (type png)
<use images/1.png>
Package pdftex.def Info: images/1.png  used on input line 235.
(pdftex.def)             Requested size: 539.61673pt x 361.35048pt.

Overfull \hbox (55.91986pt too wide) in paragraph at lines 235--236
 [][] 
 []

LaTeX Font Info:    Font shape `T1/phv/b/sc' will be
(Font)              scaled to size 9.19998pt on input line 236.


[8]

Package hyperref Warning: Token not allowed in a PDF string (Unicode):
(hyperref)                removing `\gls' on input line 256.


Package hyperref Warning: Token not allowed in a PDF string (Unicode):
(hyperref)                removing `\gls' on input line 256.



[9 <./images/1.png>])

[10]
Chapitre 2.
(2-partie/1-fichier.tex
<images/2.png, id=899, 1059.20718pt x 520.94624pt>
File: images/2.png Graphic file (type png)
<use images/2.png>
Package pdftex.def Info: images/2.png  used on input line 32.
(pdftex.def)             Requested size: 478.86255pt x 235.5206pt.


[11

]
LaTeX Font Info:    Trying to load font information for TS1+phv on input line 5
8.

(C:\Users\ATTIOGBE\AppData\Local\Programs\MiKTeX\tex/latex/psnfss\ts1phv.fd
File: ts1phv.fd 2020/03/25 scalable font definitions for TS1/phv.
)
LaTeX Font Info:    Font shape `TS1/phv/b/n' will be
(Font)              scaled to size 11.03998pt on input line 58.
Package microtype Info: Loading generic protrusion settings for font family
(microtype)             `phv' (encoding: TS1).
(microtype)             For optimal results, create family-specific settings.
(microtype)             See the microtype manual for details.


[12 <./images/2.png>]
Underfull \hbox (badness 3049) in paragraph at lines 94--96
[]|\T1/lmr/m/n/10.95 (+10) C÷ur de l'ar-chi-tec-ture. Le RT-
 []


Underfull \hbox (badness 10000) in paragraph at lines 98--98
[]|\T1/lmr/m/n/10.95 (+10) Commutateur vir-tuel
 []


Underfull \hbox (badness 10000) in paragraph at lines 101--101
[]|\T1/lmr/m/n/10.95 (+10) Commutateurs
 []


Underfull \hbox (badness 10000) in paragraph at lines 101--101
\T1/lmr/m/n/10.95 (+10) d'Agence (Switch1'
 []


Underfull \hbox (badness 4634) in paragraph at lines 130--130
[]|\T1/lmr/m/n/10.95 (+10) Protocole d'en-cap-su-la-
 []


Underfull \hbox (badness 10000) in paragraph at lines 131--132
[]|\T1/lmr/m/n/10.95 (+10) Garantit l'au-then-ti-fi-ca-tion par
 []



[13]
Underfull \hbox (badness 10000) in paragraph at lines 157--157
[]|\T1/lmr/m/n/10.95 (+10) Interface [][][]WAN[][] (RT-
 []


Underfull \hbox (badness 10000) in paragraph at lines 166--166
[]|\T1/lmr/m/n/10.95 (+10) RT-SIEGE (In-ter-face
 []


Underfull \hbox (badness 1496) in paragraph at lines 167--168
[]|\T1/lmr/m/n/10.95 (+10) Passerelle sur le ré-seau de
 []


Overfull \hbox (21.54718pt too wide) in paragraph at lines 153--185
 [][] 
 []



[14]
Underfull \hbox (badness 10000) in paragraph at lines 205--205
[]|\T1/lmr/m/n/10.95 (+10) RT-SIEGE (Ser-veur
 []


Underfull \hbox (badness 3724) in paragraph at lines 206--207
[]|\T1/lmr/m/n/10.95 (+10) Adresse lo-cale du Ser-veur
 []


Underfull \hbox (badness 1221) in paragraph at lines 209--210
[]|\T1/lmr/m/n/10.95 (+10) Adresse dis-tante du tun-nel
 []


Underfull \hbox (badness 1221) in paragraph at lines 212--213
[]|\T1/lmr/m/n/10.95 (+10) Adresse dis-tante du tun-nel
 []


Underfull \hbox (badness 10000) in paragraph at lines 214--214
[]|\T1/lmr/m/n/10.95 (+10) RT-OVENDO (Client
 []


Underfull \hbox (badness 1221) in paragraph at lines 215--216
[]|\T1/lmr/m/n/10.95 (+10) Adresse dis-tante du tun-nel
 []


Underfull \hbox (badness 5147) in paragraph at lines 217--217
[]|\T1/lmr/m/n/10.95 (+10) RT-COCODJI (Client
 []


Underfull \hbox (badness 1221) in paragraph at lines 218--219
[]|\T1/lmr/m/n/10.95 (+10) Adresse dis-tante du tun-nel
 []


Underfull \hbox (badness 10000) in paragraph at lines 220--220
[]|\T1/lmr/m/n/10.95 (+10) RT-FIDJROSSE
 []


Underfull \hbox (badness 1221) in paragraph at lines 221--222
[]|\T1/lmr/m/n/10.95 (+10) Adresse dis-tante du tun-nel
 []


Overfull \hbox (21.54718pt too wide) in paragraph at lines 198--224
 [][] 
 []



[15]

Package hyperref Warning: Token not allowed in a PDF string (Unicode):
(hyperref)                removing `\cite' on input line 228.


Underfull \hbox (badness 10000) in paragraph at lines 244--245

 []

<images/3.png, id=980, 319.94531pt x 285.31593pt>
File: images/3.png Graphic file (type png)
<use images/3.png>
Package pdftex.def Info: images/3.png  used on input line 248.
(pdftex.def)             Requested size: 478.86255pt x 427.04118pt.


[16]
Underfull \hbox (badness 10000) in paragraph at lines 261--262

 []

<images/4.png, id=989, 292.84406pt x 401.24907pt>
File: images/4.png Graphic file (type png)
<use images/4.png>
Package pdftex.def Info: images/4.png  used on input line 265.
(pdftex.def)             Requested size: 386.95897pt x 530.25653pt.


[17 <./images/3.png>]
Underfull \hbox (badness 10000) in paragraph at lines 278--279

 []

<images/5.png, id=1002, 272.51813pt x 253.69781pt>
File: images/5.png Graphic file (type png)
<use images/5.png>
Package pdftex.def Info: images/5.png  used on input line 282.
(pdftex.def)             Requested size: 245.26404pt x 228.32591pt.


[18 <./images/4.png>]
Underfull \hbox (badness 10000) in paragraph at lines 306--307

 []

<images/6.png, id=1022, 568.37344pt x 277.78781pt>
File: images/6.png Graphic file (type png)
<use images/6.png>
Package pdftex.def Info: images/6.png  used on input line 310.
(pdftex.def)             Requested size: 454.69937pt x 222.23053pt.


[19 <./images/5.png>]

Package hyperref Warning: Token not allowed in a PDF string (Unicode):
(hyperref)                removing `\gls' on input line 316.


Package hyperref Warning: Token not allowed in a PDF string (Unicode):
(hyperref)                removing `\cite' on input line 316.

<images/7.png, id=1037, 231.11343pt x 128.73094pt>
File: images/7.png Graphic file (type png)
<use images/7.png>
Package pdftex.def Info: images/7.png  used on input line 348.
(pdftex.def)             Requested size: 241.84843pt x 134.7118pt.


[20 <./images/6.png> <./images/7.png>]
<images/8.png, id=1054, 297.36093pt x 338.76563pt>
File: images/8.png Graphic file (type png)
<use images/8.png>
Package pdftex.def Info: images/8.png  used on input line 360.
(pdftex.def)             Requested size: 241.84843pt x 275.52034pt.
<images/9.png, id=1055, 281.55188pt x 272.51813pt>
File: images/9.png Graphic file (type png)
<use images/9.png>
Package pdftex.def Info: images/9.png  used on input line 377.
(pdftex.def)             Requested size: 386.95897pt x 374.56595pt.


[21 <./images/8.png>]
<images/10.png, id=1070, 274.02374pt x 276.28218pt>
File: images/10.png Graphic file (type png)
<use images/10.png>
Package pdftex.def Info: images/10.png  used on input line 389.
(pdftex.def)             Requested size: 386.95897pt x 390.17763pt.


[22 <./images/9.png>]
<images/11.png, id=1081, 438.8897pt x 130.98938pt>
File: images/11.png Graphic file (type png)
<use images/11.png>
Package pdftex.def Info: images/11.png  used on input line 409.
(pdftex.def)             Requested size: 386.95897pt x 115.49284pt.


[23 <./images/10.png> <./images/11.png>]
<images/12.png, id=1094, 340.27126pt x 337.26pt>
File: images/12.png Graphic file (type png)
<use images/12.png>
Package pdftex.def Info: images/12.png  used on input line 437.
(pdftex.def)             Requested size: 386.95897pt x 383.55408pt.

Underfull \hbox (badness 10000) in paragraph at lines 441--443

 []



[24 <./images/12.png>]
<images/17.png, id=1107, 453.19313pt x 58.71938pt>
File: images/17.png Graphic file (type png)
<use images/17.png>
Package pdftex.def Info: images/17.png  used on input line 452.
(pdftex.def)             Requested size: 386.95897pt x 50.13747pt.
<images/13.png, id=1108, 476.53032pt x 287.57437pt>
File: images/13.png Graphic file (type png)
<use images/13.png>
Package pdftex.def Info: images/13.png  used on input line 471.
(pdftex.def)             Requested size: 386.95897pt x 233.53073pt.


[25 <./images/17.png> <./images/13.png>]
<images/14.png, id=1118, 386.94562pt x 161.85469pt>
File: images/14.png Graphic file (type png)
<use images/14.png>
Package pdftex.def Info: images/14.png  used on input line 487.
(pdftex.def)             Requested size: 386.95897pt x 161.86168pt.
<images/15.png, id=1119, 321.45094pt x 164.86594pt>
File: images/15.png Graphic file (type png)
<use images/15.png>
Package pdftex.def Info: images/15.png  used on input line 499.
(pdftex.def)             Requested size: 386.95897pt x 198.46953pt.
<images/16.png, id=1121, 408.02437pt x 94.85437pt>
File: images/16.png Graphic file (type png)
<use images/16.png>
Package pdftex.def Info: images/16.png  used on input line 510.
(pdftex.def)             Requested size: 386.95897pt x 89.96205pt.


[26 <./images/14.png> <./images/15.png>]
File: images/17.png Graphic file (type png)
<use images/17.png>
Package pdftex.def Info: images/17.png  used on input line 518.
(pdftex.def)             Requested size: 386.95897pt x 50.13747pt.
<images/18.png, id=1135, 363.60844pt x 194.22563pt>
File: images/18.png Graphic file (type png)
<use images/18.png>
Package pdftex.def Info: images/18.png  used on input line 527.
(pdftex.def)             Requested size: 386.95897pt x 206.70503pt.
<images/19.png, id=1136, 357.58594pt x 189.70876pt>
File: images/19.png Graphic file (type png)
<use images/19.png>
Package pdftex.def Info: images/19.png  used on input line 533.
(pdftex.def)             Requested size: 241.84843pt x 128.3084pt.


[27 <./images/16.png> <./images/18.png> <./images/19.png>])

[28]
Chapitre 3.
(3-partie/1-fichier.tex
<images/20.png, id=1165, 404.26031pt x 125.71968pt>
File: images/20.png Graphic file (type png)
<use images/20.png>
Package pdftex.def Info: images/20.png  used on input line 48.
(pdftex.def)             Requested size: 241.84843pt x 75.21176pt.


[29

]
<images/21.png, id=1169, 403.5075pt x 88.83188pt>
File: images/21.png Graphic file (type png)
<use images/21.png>
Package pdftex.def Info: images/21.png  used on input line 55.
(pdftex.def)             Requested size: 241.84843pt x 53.2426pt.
<images/22.png, id=1170, 408.77719pt x 173.89969pt>
File: images/22.png Graphic file (type png)
<use images/22.png>
Package pdftex.def Info: images/22.png  used on input line 62.
(pdftex.def)             Requested size: 241.84843pt x 102.88649pt.
<images/23.png, id=1171, 392.96812pt x 103.88812pt>
File: images/23.png Graphic file (type png)
<use images/23.png>
Package pdftex.def Info: images/23.png  used on input line 74.
(pdftex.def)             Requested size: 241.84843pt x 63.93915pt.
<images/24.png, id=1172, 438.8897pt x 44.41594pt>
File: images/24.png Graphic file (type png)
<use images/24.png>
Package pdftex.def Info: images/24.png  used on input line 81.
(pdftex.def)             Requested size: 241.84843pt x 24.47559pt.
<images/25.png, id=1173, 432.86719pt x 172.39406pt>
File: images/25.png Graphic file (type png)
<use images/25.png>
Package pdftex.def Info: images/25.png  used on input line 88.
(pdftex.def)             Requested size: 241.84843pt x 96.31905pt.


[30 <./images/20.png> <./images/21.png> <./images/22.png> <./images/23.png> <./
images/24.png>]

[31 <./images/25.png>]) (4-conclusion.tex

[32])

[33]

Package biblatex Warning: Keyword 'biblio' not found on input line 145.


LaTeX Warning: Empty bibliography on input line 145.


Package biblatex Warning: Split bibliography detected.
(biblatex)                Many simple split bibliography setups with
(biblatex)                non-overlapping bibliographies benefit from
(biblatex)                setting 'defernumbers=true'.
(biblatex)                See the documentation for details.
(biblatex)                This warning can be suppressed with
(biblatex)                '\BiblatexSplitbibDefernumbersWarningOff'.



[34



] (main.toc

[35])
\tf@toc=\write13
\openout13 = `main.toc'.



[36]
Package minitoc Info: I0009
(minitoc)             Listing minitoc auxiliary files. 
(minitoc)             Creating the main.maf file.
\openout3 = `main.maf'.

Package minitoc(hints) Info: I0053
(minitoc(hints))             You have loaded the float package; 
(minitoc(hints))             please be aware that the minitoc package 
(minitoc(hints))             facilities can not be used for new types 
(minitoc(hints))             of floats defined by the float package.


Package minitoc(hints) Warning: W0024
(minitoc(hints))                Some hints have been written 
(minitoc(hints))                in the main.log file.

\tf@ptc=\write14
\openout14 = `main.ptc'.



[37] 
enddocument/afterlastpage (AED): lastpage setting LastPage.
(main.aux)
 ***********
LaTeX2e <2024-11-01> patch level 2
L3 programming layer <2025-01-18>
 ***********


LaTeX Warning: There were multiply-defined labels.

Package rerunfilecheck Info: File `main.out' has not changed.
(rerunfilecheck)             Checksum: 3657B492D468CED863FF9FC462611F16;14688.
Package logreq Info: Writing requests to 'main.run.xml'.
\openout1 = `main.run.xml'.

 ) 
Here is how much of TeX's memory you used:
 50022 strings out of 473530
 902806 string characters out of 5713343
 1915137 words of memory out of 5000000
 71905 multiletter control sequences out of 15000+600000
 699468 words of font info for 260 fonts, out of 8000000 for 9000
 1141 hyphenation exceptions out of 8191
 125i,14n,131p,2374b,3635s stack positions out of 10000i,1000n,20000p,200000b,200000s
<C:/Users/ATTIOGBE/AppData/Local/Programs/MiKTeX/fonts/type1/public/lm/lmbx10
.pfb><C:/Users/ATTIOGBE/AppData/Local/Programs/MiKTeX/fonts/type1/public/lm/lmb
x12.pfb><C:/Users/ATTIOGBE/AppData/Local/Programs/MiKTeX/fonts/type1/public/lm/
lmcsc10.pfb><C:/Users/ATTIOGBE/AppData/Local/Programs/MiKTeX/fonts/type1/public
/lm/lmr10.pfb><C:/Users/ATTIOGBE/AppData/Local/Programs/MiKTeX/fonts/type1/publ
ic/lm/lmr12.pfb><C:/Users/ATTIOGBE/AppData/Local/Programs/MiKTeX/fonts/type1/pu
blic/lm/lmr17.pfb><C:/Users/ATTIOGBE/AppData/Local/Programs/MiKTeX/fonts/type1/
public/lm/lmr6.pfb><C:/Users/ATTIOGBE/AppData/Local/Programs/MiKTeX/fonts/type1
/public/lm/lmr8.pfb><C:/Users/ATTIOGBE/AppData/Local/Programs/MiKTeX/fonts/type
1/public/lm/lmri10.pfb><C:/Users/ATTIOGBE/AppData/Local/Programs/MiKTeX/fonts/t
ype1/public/lm/lmri12.pfb><C:/Users/ATTIOGBE/AppData/Local/Programs/MiKTeX/font
s/type1/public/lm/lmtt10.pfb><C:/Users/ATTIOGBE/AppData/Local/Programs/MiKTeX/f
onts/type1/public/lm/lmtt9.pfb><C:/Users/ATTIOGBE/AppData/Local/Programs/MiKTeX
/fonts/type1/urw/helvetic/uhvb8a.pfb><C:/Users/ATTIOGBE/AppData/Local/Programs/
MiKTeX/fonts/type1/urw/helvetic/uhvr8a.pfb><C:/Users/ATTIOGBE/AppData/Local/Pro
grams/MiKTeX/fonts/type1/urw/times/utmr8a.pfb>
Output written on main.pdf (48 pages, 1035125 bytes).
PDF statistics:
 1435 PDF objects out of 1440 (max. 8388607)
 239 named destinations out of 1000 (max. 500000)
 108152 words of extra memory for PDF output out of 128383 (max. 10000000)

